<html>
<body>
<pre>
<h1>µVision Build Log</h1>
<h2>Tool Versions:</h2>
IDE-Version: µVision V5.26.2.0
Copyright (C) 2018 ARM Ltd and ARM Germany GmbH. All rights reserved.
License Information: Irina Anokhina, Home, LIC=4ZLII-TEB96-D0BN3-A224F-8NH05-P6ATD
 
Tool Versions:
Toolchain:       MDK-ARM Professional  Version: 5.26.2.0
Toolchain Path:  C:\Keil_v5\ARM\ARMCC\Bin
C Compiler:      Armcc.exe V5.06 update 6 (build 750)
Assembler:       Armasm.exe V5.06 update 6 (build 750)
Linker/Locator:  ArmLink.exe V5.06 update 6 (build 750)
Library Manager: ArmAr.exe V5.06 update 6 (build 750)
Hex Converter:   FromElf.exe V5.06 update 6 (build 750)
CPU DLL:         SARMCM3.DLL V5.26.2.0
Dialog DLL:      DCM.DLL V1.17.2.0
Target DLL:      STLink\ST-LINKIII-KEIL_SWO.dll V3.0.5.0
Dialog DLL:      TCM.DLL V1.36.1.0
 
<h2>Project:</h2>
E:\Ira\STM32CubeExpansion_MEMS1_V6.2.0\Projects\STM32F401RE-Nucleo\Applications\IKS01A2\MotionFX_3\MDK-ARM\Project.uvprojx
Project File Date:  09/14/2019

<h2>Output:</h2>
*** Using Compiler 'V5.06 update 6 (build 750)', folder: 'C:\Keil_v5\ARM\ARMCC\Bin'
Rebuild target 'STM32F4xx-Nucleo-IKS01A2'
compiling hts221_reg.c...
compiling lps22hb.c...
compiling hts221.c...
compiling lps22hb_reg.c...
compiling lsm6dsl.c...
compiling lsm303agr.c...
compiling lsm6dsl_reg.c...
compiling lsm303agr_reg.c...
compiling stm32f4xx_nucleo.c...
compiling iks01a2_env_sensors.c...
compiling iks01a2_env_sensors_ex.c...
compiling iks01a2_motion_sensors.c...
compiling system_stm32f4xx.c...
assembling startup_stm32f401xe.s...
compiling DemoSerial.c...
compiling iks01a2_motion_sensors_ex.c...
compiling com.c...
compiling main.c...
..\Src\main.c(154): warning:  #177-D: variable "ans_float"  was declared but never referenced
    float ans_float;
..\Src\main.c(156): warning:  #177-D: variable "msg_cmd"  was declared but never referenced
    TMsg msg_cmd;
..\Src\main.c(104): warning:  #550-D: variable "RtcSynchPrediv"  was set but never used
  static int RtcSynchPrediv;
..\Src\main.c(127): warning:  #177-D: function "RTC_Handler"  was declared but never referenced
  static void RTC_Handler(TMsg *Msg);
..\Src\main.c: 4 warnings, 0 errors
compiling cube_hal_f4.c...
..\Src\cube_hal_f4.c(79): warning:  #223-D: function "Error_Handler" declared implicitly
      Error_Handler();
..\Src\cube_hal_f4.c(93): warning:  #223-D: function "Error_Handler" declared implicitly
      Error_Handler();
..\Src\cube_hal_f4.c: 2 warnings, 0 errors
compiling stm32f4xx_hal_msp.c...
compiling serial_protocol.c...
compiling DemoDatalog.c...
compiling stm32f4xx_it.c...
compiling MotionFX_Manager.c...
compiling i2c.c...
compiling nucleo_f401re_bus.c...
compiling stm32f4xx_hal.c...
compiling stm32f4xx_hal_crc.c...
compiling stm32f4xx_hal_cortex.c...
compiling stm32f4xx_hal_flash.c...
compiling stm32f4xx_hal_dma.c...
compiling stm32f4xx_hal_flash_ex.c...
compiling stm32f4xx_hal_flash_ramfunc.c...
compiling stm32f4xx_hal_gpio.c...
compiling stm32f4xx_hal_pwr.c...
compiling stm32f4xx_hal_i2c_ex.c...
compiling stm32f4xx_hal_i2c.c...
compiling stm32f4xx_hal_pwr_ex.c...
compiling stm32f4xx_hal_rcc.c...
compiling stm32f4xx_hal_rcc_ex.c...
compiling stm32f4xx_hal_rtc_ex.c...
compiling stm32f4xx_hal_rtc.c...
compiling stm32f4xx_hal_tim.c...
compiling stm32f4xx_hal_tim_ex.c...
compiling stm32f4xx_hal_uart.c...
compiling stm32f4xx_hal_adc.c...
compiling stm32f4xx_hal_adc_ex.c...
compiling stm32f4xx_hal_spi.c...
linking...
Program Size: Code=63184 RO-data=1188 RW-data=4620 ZI-data=36620  
FromELF: creating hex file...
After Build - User command #1: C:\Keil_v5\\ARM\ARMCC\bin\fromelf.exe --bin --output=.\STM32F4xx-Nucleo-IKS01A2\Objects\STM32F4xx-Nucleo-IKS01A2.bin .\STM32F4xx-Nucleo-IKS01A2\Objects\STM32F4xx-Nucleo-IKS01A2.axf
".\STM32F4xx-Nucleo-IKS01A2\Objects\STM32F4xx-Nucleo-IKS01A2.axf" - 0 Error(s), 6 Warning(s).

<h2>Software Packages used:</h2>

Package Vendor: Keil
                http://www.keil.com/pack/Keil.STM32F4xx_DFP.2.13.0.pack
                Keil.STM32F4xx_DFP.2.13.0
                STMicroelectronics STM32F4 Series Device Support, Drivers and Examples

<h2>Collection of Component include folders:</h2>
  .\RTE\_STM32F4xx-Nucleo-IKS01A2
  C:\Keil_v5\ARM\PACK\Keil\STM32F4xx_DFP\2.13.0\Drivers\CMSIS\Device\ST\STM32F4xx\Include

<h2>Collection of Component Files used:</h2>
Build Time Elapsed:  00:00:07
</pre>
</body>
</html>
