Component: ARM Compiler 5.06 update 6 (build 750) Tool: armlink [4d35ed]

==============================================================================

Section Cross References

    hts221.o(i.HTS221_DeInit) refers to hts221.o(i.HTS221_HUM_Disable) for HTS221_HUM_Disable
    hts221.o(i.HTS221_DeInit) refers to hts221.o(i.HTS221_TEMP_Disable) for HTS221_TEMP_Disable
    hts221.o(i.HTS221_Enable_DRDY_Interrupt) refers to hts221_reg.o(i.hts221_drdy_on_int_set) for hts221_drdy_on_int_set
    hts221.o(i.HTS221_GetOutputDataRate) refers to hts221_reg.o(i.hts221_data_rate_get) for hts221_data_rate_get
    hts221.o(i.HTS221_Get_One_Shot_Status) refers to hts221_reg.o(i.hts221_hum_data_ready_get) for hts221_hum_data_ready_get
    hts221.o(i.HTS221_Get_One_Shot_Status) refers to hts221_reg.o(i.hts221_temp_data_ready_get) for hts221_temp_data_ready_get
    hts221.o(i.HTS221_HUM_Disable) refers to hts221_reg.o(i.hts221_power_on_set) for hts221_power_on_set
    hts221.o(i.HTS221_HUM_Enable) refers to hts221_reg.o(i.hts221_power_on_set) for hts221_power_on_set
    hts221.o(i.HTS221_HUM_GetHumidity) refers to hts221_reg.o(i.hts221_hum_adc_point_0_get) for hts221_hum_adc_point_0_get
    hts221.o(i.HTS221_HUM_GetHumidity) refers to hts221_reg.o(i.hts221_hum_rh_point_0_get) for hts221_hum_rh_point_0_get
    hts221.o(i.HTS221_HUM_GetHumidity) refers to hts221_reg.o(i.hts221_hum_adc_point_1_get) for hts221_hum_adc_point_1_get
    hts221.o(i.HTS221_HUM_GetHumidity) refers to hts221_reg.o(i.hts221_hum_rh_point_1_get) for hts221_hum_rh_point_1_get
    hts221.o(i.HTS221_HUM_GetHumidity) refers to hts221_reg.o(i.hts221_humidity_raw_get) for hts221_humidity_raw_get
    hts221.o(i.HTS221_HUM_GetHumidity) refers to hts221.o(i.Linear_Interpolation) for Linear_Interpolation
    hts221.o(i.HTS221_HUM_GetOutputDataRate) refers to hts221.o(i.HTS221_GetOutputDataRate) for HTS221_GetOutputDataRate
    hts221.o(i.HTS221_HUM_Get_DRDY_Status) refers to hts221_reg.o(i.hts221_hum_data_ready_get) for hts221_hum_data_ready_get
    hts221.o(i.HTS221_HUM_SetOutputDataRate) refers to hts221.o(i.HTS221_SetOutputDataRate) for HTS221_SetOutputDataRate
    hts221.o(i.HTS221_Init) refers to hts221.o(i.HTS221_Initialize) for HTS221_Initialize
    hts221.o(i.HTS221_Initialize) refers to hts221_reg.o(i.hts221_power_on_set) for hts221_power_on_set
    hts221.o(i.HTS221_Initialize) refers to hts221_reg.o(i.hts221_block_data_update_set) for hts221_block_data_update_set
    hts221.o(i.HTS221_Initialize) refers to hts221.o(i.HTS221_SetOutputDataRate) for HTS221_SetOutputDataRate
    hts221.o(i.HTS221_ReadID) refers to hts221_reg.o(i.hts221_device_id_get) for hts221_device_id_get
    hts221.o(i.HTS221_Read_Reg) refers to hts221_reg.o(i.hts221_read_reg) for hts221_read_reg
    hts221.o(i.HTS221_RegisterBusIO) refers to hts221.o(i.ReadRegWrap) for ReadRegWrap
    hts221.o(i.HTS221_RegisterBusIO) refers to hts221.o(i.WriteRegWrap) for WriteRegWrap
    hts221.o(i.HTS221_SetOutputDataRate) refers to hts221_reg.o(i.hts221_data_rate_set) for hts221_data_rate_set
    hts221.o(i.HTS221_Set_One_Shot) refers to hts221_reg.o(i.hts221_data_rate_set) for hts221_data_rate_set
    hts221.o(i.HTS221_Set_One_Shot) refers to hts221_reg.o(i.hts221_one_shoot_trigger_set) for hts221_one_shoot_trigger_set
    hts221.o(i.HTS221_TEMP_Disable) refers to hts221_reg.o(i.hts221_power_on_set) for hts221_power_on_set
    hts221.o(i.HTS221_TEMP_Enable) refers to hts221_reg.o(i.hts221_power_on_set) for hts221_power_on_set
    hts221.o(i.HTS221_TEMP_GetOutputDataRate) refers to hts221.o(i.HTS221_GetOutputDataRate) for HTS221_GetOutputDataRate
    hts221.o(i.HTS221_TEMP_GetTemperature) refers to hts221_reg.o(i.hts221_temp_adc_point_0_get) for hts221_temp_adc_point_0_get
    hts221.o(i.HTS221_TEMP_GetTemperature) refers to hts221_reg.o(i.hts221_temp_deg_point_0_get) for hts221_temp_deg_point_0_get
    hts221.o(i.HTS221_TEMP_GetTemperature) refers to hts221_reg.o(i.hts221_temp_adc_point_1_get) for hts221_temp_adc_point_1_get
    hts221.o(i.HTS221_TEMP_GetTemperature) refers to hts221_reg.o(i.hts221_temp_deg_point_1_get) for hts221_temp_deg_point_1_get
    hts221.o(i.HTS221_TEMP_GetTemperature) refers to hts221_reg.o(i.hts221_temperature_raw_get) for hts221_temperature_raw_get
    hts221.o(i.HTS221_TEMP_GetTemperature) refers to hts221.o(i.Linear_Interpolation) for Linear_Interpolation
    hts221.o(i.HTS221_TEMP_Get_DRDY_Status) refers to hts221_reg.o(i.hts221_temp_data_ready_get) for hts221_temp_data_ready_get
    hts221.o(i.HTS221_TEMP_SetOutputDataRate) refers to hts221.o(i.HTS221_SetOutputDataRate) for HTS221_SetOutputDataRate
    hts221.o(i.HTS221_Write_Reg) refers to hts221_reg.o(i.hts221_write_reg) for hts221_write_reg
    hts221.o(.data) refers to hts221.o(i.HTS221_Init) for HTS221_Init
    hts221.o(.data) refers to hts221.o(i.HTS221_DeInit) for HTS221_DeInit
    hts221.o(.data) refers to hts221.o(i.HTS221_ReadID) for HTS221_ReadID
[...]
    _errno                                   0x200012d8   Data           4  errno.o(.data)
    .bss                                     0x200012dc   Section      112  iks01a2_env_sensors.o(.bss)
    EnvFuncDrv                               0x200012dc   Data          24  iks01a2_env_sensors.o(.bss)
    hts221_obj_0                             0x200012f4   Data          44  iks01a2_env_sensors.o(.bss)
    lps22hb_obj_0                            0x20001320   Data          44  iks01a2_env_sensors.o(.bss)
    .bss                                     0x2000134c   Section     1184  com.o(.bss)
    HdmaRx                                   0x2000158c   Data          96  com.o(.bss)
    UartTxBuffer                             0x200015ec   Data         512  com.o(.bss)
    .bss                                     0x200017ec   Section      144  main.o(.bss)
    RtcHandle                                0x2000182c   Data          32  main.o(.bss)
    AccValue                                 0x2000184c   Data          12  main.o(.bss)
    GyrValue                                 0x20001858   Data          12  main.o(.bss)
    MagValue                                 0x20001864   Data          12  main.o(.bss)
    MagOffset                                0x20001870   Data          12  main.o(.bss)
    .bss                                     0x2000187c   Section       60  motionfx_manager.o(.bss)
    iKnobs                                   0x2000187c   Data          60  motionfx_manager.o(.bss)
    .bss                                     0x200018b8   Section       84  nucleo_f401re_bus.o(.bss)
    .bss                                     0x2000190c   Section       84  i2c.o(.bss)
    [Anonymous Symbol]                       0x20001960   Section        0  motion_fx.o(.bss)
    magProcBuff                              0x20001960   Data        1040  motion_fx.o(.bss)
    rtInfF                                   0x20001d70   Data           4  motion_fx.o(.bss)
    rtMinusInfF                              0x20001d74   Data           4  motion_fx.o(.bss)
    rotAcc                                   0x20001d78   Data           9  motion_fx.o(.bss)
    rotMag                                   0x20001d84   Data           9  motion_fx.o(.bss)
    rotGyro                                  0x20001d90   Data           9  motion_fx.o(.bss)
    rotAcc6X                                 0x20001d9c   Data           9  motion_fx.o(.bss)
    rotMag6X                                 0x20001da8   Data           9  motion_fx.o(.bss)
    rotGyro6X                                0x20001db4   Data           9  motion_fx.o(.bss)
    memsState                                0x20001dc0   Data         960  motion_fx.o(.bss)
    dir.7518                                 0x20002180   Data           4  motion_fx.o(.bss)
    eml_mR                                   0x20002184   Data           4  motion_fx.o(.bss)
    eml_dmag_meas                            0x20002188   Data           4  motion_fx.o(.bss)
    eml_dacc_meas                            0x2000218c   Data           4  motion_fx.o(.bss)
    eml_dgyro_meas                           0x20002190   Data           4  motion_fx.o(.bss)
    eml_MA_detect_value                      0x20002194   Data           4  motion_fx.o(.bss)
    buff_ind.8720                            0x20002198   Data           1  motion_fx.o(.bss)
    acc_buff.8718                            0x2000219c   Data          60  motion_fx.o(.bss)
    gyro_buff.8719                           0x200021d8   Data          60  motion_fx.o(.bss)
    dacc.8713                                0x20002214   Data          12  motion_fx.o(.bss)
    dgyro.8714                               0x20002220   Data          12  motion_fx.o(.bss)
    iNemoEngine_DataIn_6X                    0x2000222c   Data         248  motion_fx.o(.bss)
    iNemoEngine_Knobs_6X                     0x20002324   Data          60  motion_fx.o(.bss)
    iNemoEngine_Output_6X                    0x20002360   Data         264  motion_fx.o(.bss)
    count.7981                               0x20002468   Data           1  motion_fx.o(.bss)
    iNemoEngine_DataIn_9X                    0x2000246c   Data         248  motion_fx.o(.bss)
    iNemoEngine_Knobs_9X                     0x20002564   Data          60  motion_fx.o(.bss)
    iNemoEngine_Output_9X                    0x200025a0   Data         264  motion_fx.o(.bss)
    count.7824                               0x200026a8   Data           1  motion_fx.o(.bss)
    license_ok                               0x200026a9   Data           1  motion_fx.o(.bss)
    enable6X                                 0x200026ac   Data           4  motion_fx.o(.bss)
    enable9X                                 0x200026b0   Data           4  motion_fx.o(.bss)
    start_automatic_gbias_calculation        0x200026b4   Data           4  motion_fx.o(.bss)
    sample_num.7613                          0x200026b8   Data           4  motion_fx.o(.bss)
    magm.7610                                0x200026bc   Data           4  motion_fx.o(.bss)
    accm.7609                                0x200026c0   Data           4  motion_fx.o(.bss)
    gyrom.7611                               0x200026c4   Data           4  motion_fx.o(.bss)
    dData                                    0x200026c8   Data         128  motion_fx.o(.bss)
    sampleIndex                              0x20002748   Data           1  motion_fx.o(.bss)
    STACK                                    0x20002750   Section    32768  startup_stm32f401xe.o(STACK)

    Global Symbols

    Symbol Name                              Value     Ov Type        Size  Object(Section)

    BuildAttributes$$THM_ISAv4$E$P$D$K$B$S$7EM$VFPi3$EXTD16$VFPS$VFMA$PE$FZ_POSZERO$A:L22UL41UL21$X:L11$S22US41US21$IEEE1$IW$USESV6$~STKCKD$USESV7$~SHL$OTIME$ROPI$IEEEX$EBA8$MICROLIB$REQ8$PRES8$EABIv2 0x00000000   Number         0  anon$$obj.o ABSOLUTE
    __ARM_use_no_argv                        0x00000000   Number         0  main.o ABSOLUTE
    __cpp_initialize__aeabi_                  - Undefined Weak Reference
    __cxa_finalize                            - Undefined Weak Reference
    _clock_init                               - Undefined Weak Reference
    _microlib_exit                            - Undefined Weak Reference
    __Vectors_Size                           0x00000194   Number         0  startup_stm32f401xe.o ABSOLUTE
    __Vectors                                0x08000000   Data           4  startup_stm32f401xe.o(RESET)
    __Vectors_End                            0x08000194   Data           0  startup_stm32f401xe.o(RESET)
    __main                                   0x08000195   Thumb Code     0  entry.o(.ARM.Collect$$$$00000000)
    _main_stk                                0x08000195   Thumb Code     0  entry2.o(.ARM.Collect$$$$00000001)
    _main_scatterload                        0x08000199   Thumb Code     0  entry5.o(.ARM.Collect$$$$00000004)
    __main_after_scatterload                 0x0800019d   Thumb Code     0  entry5.o(.ARM.Collect$$$$00000004)
    _main_clock                              0x0800019d   Thumb Code     0  entry7b.o(.ARM.Collect$$$$00000008)
    _main_cpp_init                           0x0800019d   Thumb Code     0  entry8b.o(.ARM.Collect$$$$0000000A)
    _main_init                               0x0800019d   Thumb Code     0  entry9a.o(.ARM.Collect$$$$0000000B)
    __rt_final_cpp                           0x080001a5   Thumb Code     0  entry10a.o(.ARM.Collect$$$$0000000D)
    __rt_final_exit                          0x080001a5   Thumb Code     0  entry11a.o(.ARM.Collect$$$$0000000F)
    Reset_Handler                            0x080001a9   Thumb Code     8  startup_stm32f401xe.o(.text)
    MemManage_Handler                        0x080001b5   Thumb Code     2  startup_stm32f401xe.o(.text)
    BusFault_Handler                         0x080001b7   Thumb Code     2  startup_stm32f401xe.o(.text)
    UsageFault_Handler                       0x080001b9   Thumb Code     2  startup_stm32f401xe.o(.text)
    SVC_Handler                              0x080001bb   Thumb Code     2  startup_stm32f401xe.o(.text)
    PendSV_Handler                           0x080001bf   Thumb Code     2  startup_stm32f401xe.o(.text)
    ADC_IRQHandler                           0x080001c3   Thumb Code     0  startup_stm32f401xe.o(.text)
    DMA1_Stream0_IRQHandler                  0x080001c3   Thumb Code     0  startup_stm32f401xe.o(.text)
    DMA1_Stream1_IRQHandler                  0x080001c3   Thumb Code     0  startup_stm32f401xe.o(.text)
    DMA1_Stream2_IRQHandler                  0x080001c3   Thumb Code     0  startup_stm32f401xe.o(.text)
    DMA1_Stream3_IRQHandler                  0x080001c3   Thumb Code     0  startup_stm32f401xe.o(.text)
    DMA1_Stream4_IRQHandler                  0x080001c3   Thumb Code     0  startup_stm32f401xe.o(.text)
    DMA1_Stream5_IRQHandler                  0x080001c3   Thumb Code     0  startup_stm32f401xe.o(.text)
    DMA1_Stream6_IRQHandler                  0x080001c3   Thumb Code     0  startup_stm32f401xe.o(.text)
    DMA1_Stream7_IRQHandler                  0x080001c3   Thumb Code     0  startup_stm32f401xe.o(.text)
    DMA2_Stream0_IRQHandler                  0x080001c3   Thumb Code     0  startup_stm32f401xe.o(.text)
    DMA2_Stream1_IRQHandler                  0x080001c3   Thumb Code     0  startup_stm32f401xe.o(.text)
    DMA2_Stream2_IRQHandler                  0x080001c3   Thumb Code     0  startup_stm32f401xe.o(.text)
    DMA2_Stream3_IRQHandler                  0x080001c3   Thumb Code     0  startup_stm32f401xe.o(.text)
    DMA2_Stream4_IRQHandler                  0x080001c3   Thumb Code     0  startup_stm32f401xe.o(.text)
    DMA2_Stream5_IRQHandler                  0x080001c3   Thumb Code     0  startup_stm32f401xe.o(.text)
    DMA2_Stream6_IRQHandler                  0x080001c3   Thumb Code     0  startup_stm32f401xe.o(.text)
    DMA2_Stream7_IRQHandler                  0x080001c3   Thumb Code     0  startup_stm32f401xe.o(.text)
    EXTI0_IRQHandler                         0x080001c3   Thumb Code     0  startup_stm32f401xe.o(.text)
    EXTI1_IRQHandler                         0x080001c3   Thumb Code     0  startup_stm32f401xe.o(.text)
    EXTI2_IRQHandler                         0x080001c3   Thumb Code     0  startup_stm32f401xe.o(.text)
    EXTI3_IRQHandler                         0x080001c3   Thumb Code     0  startup_stm32f401xe.o(.text)
    EXTI4_IRQHandler                         0x080001c3   Thumb Code     0  startup_stm32f401xe.o(.text)
    EXTI9_5_IRQHandler                       0x080001c3   Thumb Code     0  startup_stm32f401xe.o(.text)
    FLASH_IRQHandler                         0x080001c3   Thumb Code     0  startup_stm32f401xe.o(.text)
    FPU_IRQHandler                           0x080001c3   Thumb Code     0  startup_stm32f401xe.o(.text)
    I2C1_ER_IRQHandler                       0x080001c3   Thumb Code     0  startup_stm32f401xe.o(.text)
    I2C1_EV_IRQHandler                       0x080001c3   Thumb Code     0  startup_stm32f401xe.o(.text)
    I2C2_ER_IRQHandler                       0x080001c3   Thumb Code     0  startup_stm32f401xe.o(.text)
    I2C2_EV_IRQHandler                       0x080001c3   Thumb Code     0  startup_stm32f401xe.o(.text)
    I2C3_ER_IRQHandler                       0x080001c3   Thumb Code     0  startup_stm32f401xe.o(.text)
    I2C3_EV_IRQHandler                       0x080001c3   Thumb Code     0  startup_stm32f401xe.o(.text)
    OTG_FS_IRQHandler                        0x080001c3   Thumb Code     0  startup_stm32f401xe.o(.text)
    OTG_FS_WKUP_IRQHandler                   0x080001c3   Thumb Code     0  startup_stm32f401xe.o(.text)
    PVD_IRQHandler                           0x080001c3   Thumb Code     0  startup_stm32f401xe.o(.text)
    RCC_IRQHandler                           0x080001c3   Thumb Code     0  startup_stm32f401xe.o(.text)
    RTC_Alarm_IRQHandler                     0x080001c3   Thumb Code     0  startup_stm32f401xe.o(.text)
    RTC_WKUP_IRQHandler                      0x080001c3   Thumb Code     0  startup_stm32f401xe.o(.text)
    SDIO_IRQHandler                          0x080001c3   Thumb Code     0  startup_stm32f401xe.o(.text)
    SPI1_IRQHandler                          0x080001c3   Thumb Code     0  startup_stm32f401xe.o(.text)
    SPI2_IRQHandler                          0x080001c3   Thumb Code     0  startup_stm32f401xe.o(.text)
    SPI3_IRQHandler                          0x080001c3   Thumb Code     0  startup_stm32f401xe.o(.text)
    SPI4_IRQHandler                          0x080001c3   Thumb Code     0  startup_stm32f401xe.o(.text)
    TAMP_STAMP_IRQHandler                    0x080001c3   Thumb Code     0  startup_stm32f401xe.o(.text)
    TIM1_BRK_TIM9_IRQHandler                 0x080001c3   Thumb Code     0  startup_stm32f401xe.o(.text)
    TIM1_CC_IRQHandler                       0x080001c3   Thumb Code     0  startup_stm32f401xe.o(.text)
    TIM1_TRG_COM_TIM11_IRQHandler            0x080001c3   Thumb Code     0  startup_stm32f401xe.o(.text)
    TIM1_UP_TIM10_IRQHandler                 0x080001c3   Thumb Code     0  startup_stm32f401xe.o(.text)
    TIM2_IRQHandler                          0x080001c3   Thumb Code     0  startup_stm32f401xe.o(.text)
    TIM4_IRQHandler                          0x080001c3   Thumb Code     0  startup_stm32f401xe.o(.text)
    TIM5_IRQHandler                          0x080001c3   Thumb Code     0  startup_stm32f401xe.o(.text)
    USART1_IRQHandler                        0x080001c3   Thumb Code     0  startup_stm32f401xe.o(.text)
    USART2_IRQHandler                        0x080001c3   Thumb Code     0  startup_stm32f401xe.o(.text)
    USART6_IRQHandler                        0x080001c3   Thumb Code     0  startup_stm32f401xe.o(.text)
    WWDG_IRQHandler                          0x080001c3   Thumb Code     0  startup_stm32f401xe.o(.text)
    __aeabi_uldivmod                         0x080001cd   Thumb Code    98  uldiv.o(.text)
    ___aeabi_memcpy4$ret                     0x0800022f   Thumb Code     0  memcpy.o(.text)
    ___aeabi_memcpy8$ret                     0x0800022f   Thumb Code     0  memcpy.o(.text)
    __aeabi_memcpy                           0x0800022f   Thumb Code    40  memcpy.o(.text)
    memcpy                                   0x0800022f   Thumb Code     0  memcpy.o(.text)
    __aeabi_memset                           0x08000257   Thumb Code    14  memseta.o(.text)
    __aeabi_memset4                          0x08000257   Thumb Code     0  memseta.o(.text)
    __aeabi_memset8                          0x08000257   Thumb Code     0  memseta.o(.text)
    __aeabi_memclr                           0x08000265   Thumb Code     4  memseta.o(.text)
    __aeabi_memclr4                          0x08000265   Thumb Code     0  memseta.o(.text)
    __aeabi_memclr8                          0x08000265   Thumb Code     0  memseta.o(.text)
    memset                                   0x08000269   Thumb Code    18  memseta.o(.text)
    strcpy                                   0x0800027b   Thumb Code    18  strcpy.o(.text)
    __aeabi_dadd                             0x0800028d   Thumb Code   322  dadd.o(.text)
    __aeabi_dsub                             0x080003cf   Thumb Code     6  dadd.o(.text)
    __aeabi_drsub                            0x080003d5   Thumb Code     6  dadd.o(.text)
    __aeabi_dmul                             0x080003db   Thumb Code   228  dmul.o(.text)
    __aeabi_ddiv                             0x080004bf   Thumb Code   222  ddiv.o(.text)
    __aeabi_dcmple                           0x0800059d   Thumb Code    54  dcmple.o(.text)
    __aeabi_dcmplt                           0x080005d3   Thumb Code    54  dcmplt.o(.text)
    __aeabi_dcmpge                           0x08000609   Thumb Code    54  dcmpge.o(.text)
    __aeabi_dcmpgt                           0x0800063f   Thumb Code    54  dcmpgt.o(.text)
    __aeabi_dcmpeq                           0x08000675   Thumb Code    56  dcmpeq.o(.text)
    __aeabi_ui2d                             0x080006ad   Thumb Code    26  dfltui.o(.text)
    __aeabi_d2iz                             0x080006c7   Thumb Code    62  dfixi.o(.text)
    __aeabi_f2d                              0x08000705   Thumb Code    38  f2d.o(.text)
    __aeabi_d2f                              0x0800072b   Thumb Code    56  d2f.o(.text)
    __aeabi_llsl                             0x08000763   Thumb Code    30  llshl.o(.text)
    _ll_shift_l                              0x08000763   Thumb Code     0  llshl.o(.text)
    __aeabi_llsr                             0x08000781   Thumb Code    32  llushr.o(.text)
    _ll_ushift_r                             0x08000781   Thumb Code     0  llushr.o(.text)
    __aeabi_lasr                             0x080007a1   Thumb Code    36  llsshr.o(.text)
    _ll_sshift_r                             0x080007a1   Thumb Code     0  llsshr.o(.text)
    __I$use$fp                               0x080007c5   Thumb Code     0  iusefp.o(.text)
    _float_round                             0x080007c5   Thumb Code    18  fepilogue.o(.text)
    _float_epilogue                          0x080007d7   Thumb Code    92  fepilogue.o(.text)
    _frnd                                    0x08000833   Thumb Code    60  frnd.o(.text)
    _double_round                            0x0800086f   Thumb Code    30  depilogue.o(.text)
    _double_epilogue                         0x0800088d   Thumb Code   156  depilogue.o(.text)
    _dsqrt                                   0x08000929   Thumb Code   162  dsqrt.o(.text)
    __aeabi_cdrcmple                         0x080009cd   Thumb Code    48  cdrcmple.o(.text)
    __scatterload                            0x080009fd   Thumb Code    28  init.o(.text)
    __scatterload_rt2                        0x080009fd   Thumb Code     0  init.o(.text)
    __decompress                             0x08000a21   Thumb Code     0  __dczerorl2.o(.text)
    __decompress1                            0x08000a21   Thumb Code    86  __dczerorl2.o(.text)
    MotionFX_GetLibVersion                   0x080035d5   Thumb Code    76  motion_fx.o(.text.MotionFX_GetLibVersion)
    MotionFX_MagCal_getParams                0x08003621   Thumb Code    96  motion_fx.o(.text.MotionFX_MagCal_getParams)
    MotionFX_MagCal_init                     0x08003681   Thumb Code   352  motion_fx.o(.text.MotionFX_MagCal_init)
    MotionFX_MagCal_run                      0x080037e1   Thumb Code   332  motion_fx.o(.text.MotionFX_MagCal_run)
    MotionFX_enable_6X                       0x0800392d   Thumb Code    64  motion_fx.o(.text.MotionFX_enable_6X)
    MotionFX_enable_9X                       0x0800396d   Thumb Code    68  motion_fx.o(.text.MotionFX_enable_9X)
    MotionFX_getKnobs                        0x080039b1   Thumb Code   172  motion_fx.o(.text.MotionFX_getKnobs)
    MotionFX_initialize                      0x08003a61   Thumb Code  1092  motion_fx.o(.text.MotionFX_initialize)
    MotionFX_propagate                       0x08003ea9   Thumb Code  2794  motion_fx.o(.text.MotionFX_propagate)
    MotionFX_setKnobs                        0x08004995   Thumb Code   200  motion_fx.o(.text.MotionFX_setKnobs)
    MotionFX_update                          0x08004a5d   Thumb Code   900  motion_fx.o(.text.MotionFX_update)
    BSP_GetTick                              0x0800b981   Thumb Code     8  nucleo_f401re_bus.o(i.BSP_GetTick)
    BSP_I2C1_DeInit                          0x0800b989   Thumb Code    26  nucleo_f401re_bus.o(i.BSP_I2C1_DeInit)
    BSP_I2C1_Init                            0x0800b9a9   Thumb Code    60  nucleo_f401re_bus.o(i.BSP_I2C1_Init)
    BSP_I2C1_ReadReg                         0x0800b9ed   Thumb Code    50  nucleo_f401re_bus.o(i.BSP_I2C1_ReadReg)
    BSP_I2C1_WriteReg                        0x0800ba25   Thumb Code    50  nucleo_f401re_bus.o(i.BSP_I2C1_WriteReg)
    BSP_LED_Init                             0x0800ba5d   Thumb Code    92  stm32f4xx_nucleo.o(i.BSP_LED_Init)
    BSP_LED_Off                              0x0800bac5   Thumb Code    24  stm32f4xx_nucleo.o(i.BSP_LED_Off)
    BSP_LED_On                               0x0800bae5   Thumb Code    24  stm32f4xx_nucleo.o(i.BSP_LED_On)
    BSP_PB_GetState                          0x0800bb05   Thumb Code    22  stm32f4xx_nucleo.o(i.BSP_PB_GetState)
    BSP_PB_Init                              0x0800bb25   Thumb Code   132  stm32f4xx_nucleo.o(i.BSP_PB_Init)
    Config_DMA_Handler                       0x0800bbbd   Thumb Code    50  cube_hal_f4.o(i.Config_DMA_Handler)
    DebugMon_Handler                         0x0800bcff   Thumb Code     2  stm32f4xx_it.o(i.DebugMon_Handler)
    EXTI15_10_IRQHandler                     0x0800bd01   Thumb Code    12  stm32f4xx_it.o(i.EXTI15_10_IRQHandler)
    Error_Handler                            0x0800bd0d   Thumb Code    28  main.o(i.Error_Handler)
    HAL_DMA_Init                             0x0800bf75   Thumb Code   232  stm32f4xx_hal_dma.o(i.HAL_DMA_Init)
    HAL_DMA_Start_IT                         0x0800c061   Thumb Code   158  stm32f4xx_hal_dma.o(i.HAL_DMA_Start_IT)
    HAL_Delay                                0x0800c101   Thumb Code    36  stm32f4xx_hal.o(i.HAL_Delay)
    HAL_GPIO_DeInit                          0x0800c129   Thumb Code   282  stm32f4xx_hal_gpio.o(i.HAL_GPIO_DeInit)
    HAL_GPIO_EXTI_Callback                   0x0800c261   Thumb Code    26  main.o(i.HAL_GPIO_EXTI_Callback)
    HAL_GPIO_EXTI_IRQHandler                 0x0800c281   Thumb Code    24  stm32f4xx_hal_gpio.o(i.HAL_GPIO_EXTI_IRQHandler)
    HAL_GPIO_Init                            0x0800c29d   Thumb Code   436  stm32f4xx_hal_gpio.o(i.HAL_GPIO_Init)
    HAL_GPIO_ReadPin                         0x0800c471   Thumb Code    16  stm32f4xx_hal_gpio.o(i.HAL_GPIO_ReadPin)
    HAL_GPIO_WritePin                        0x0800c481   Thumb Code    12  stm32f4xx_hal_gpio.o(i.HAL_GPIO_WritePin)
    HAL_GetTick                              0x0800c48d   Thumb Code     6  stm32f4xx_hal.o(i.HAL_GetTick)
    HAL_I2CEx_ConfigAnalogFilter             0x0800c499   Thumb Code    76  stm32f4xx_hal_i2c_ex.o(i.HAL_I2CEx_ConfigAnalogFilter)
    HAL_I2C_DeInit                           0x0800c4e5   Thumb Code    60  stm32f4xx_hal_i2c.o(i.HAL_I2C_DeInit)
    HAL_I2C_GetState                         0x0800c521   Thumb Code     8  stm32f4xx_hal_i2c.o(i.HAL_I2C_GetState)
    HAL_I2C_Init                             0x0800c529   Thumb Code   422  stm32f4xx_hal_i2c.o(i.HAL_I2C_Init)
    HAL_I2C_Mem_Read                         0x0800c6e1   Thumb Code   744  stm32f4xx_hal_i2c.o(i.HAL_I2C_Mem_Read)
    HAL_I2C_Mem_Write                        0x0800c9d5   Thumb Code   348  stm32f4xx_hal_i2c.o(i.HAL_I2C_Mem_Write)
    HAL_I2C_MspDeInit                        0x0800cb39   Thumb Code    36  i2c.o(i.HAL_I2C_MspDeInit)
    HAL_I2C_MspInit                          0x0800cb69   Thumb Code   124  i2c.o(i.HAL_I2C_MspInit)
    HAL_IncTick                              0x0800cbf1   Thumb Code    16  stm32f4xx_hal.o(i.HAL_IncTick)
    HAL_Init                                 0x0800cc09   Thumb Code    44  stm32f4xx_hal.o(i.HAL_Init)
    HAL_InitTick                             0x0800cc39   Thumb Code    64  stm32f4xx_hal.o(i.HAL_InitTick)
    HAL_MspInit                              0x0800cc85   Thumb Code     2  stm32f4xx_hal.o(i.HAL_MspInit)
    HAL_NVIC_EnableIRQ                       0x0800cc87   Thumb Code    26  stm32f4xx_hal_cortex.o(i.HAL_NVIC_EnableIRQ)
    HAL_NVIC_SetPriority                     0x0800cca1   Thumb Code   124  stm32f4xx_hal_cortex.o(i.HAL_NVIC_SetPriority)
    HAL_NVIC_SetPriorityGrouping             0x0800cd1d   Thumb Code    32  stm32f4xx_hal_cortex.o(i.HAL_NVIC_SetPriorityGrouping)
    HAL_PWR_EnableBkUpAccess                 0x0800cd45   Thumb Code     8  stm32f4xx_hal_pwr.o(i.HAL_PWR_EnableBkUpAccess)
    HAL_RCCEx_PeriphCLKConfig                0x0800cd51   Thumb Code   412  stm32f4xx_hal_rcc_ex.o(i.HAL_RCCEx_PeriphCLKConfig)
    HAL_RCC_ClockConfig                      0x0800cf05   Thumb Code   366  stm32f4xx_hal_rcc.o(i.HAL_RCC_ClockConfig)
    HAL_RCC_GetHCLKFreq                      0x0800d085   Thumb Code     6  stm32f4xx_hal_rcc.o(i.HAL_RCC_GetHCLKFreq)
    HAL_RCC_GetPCLK1Freq                     0x0800d091   Thumb Code    22  stm32f4xx_hal_rcc.o(i.HAL_RCC_GetPCLK1Freq)
    HAL_RCC_GetPCLK2Freq                     0x0800d0b1   Thumb Code    22  stm32f4xx_hal_rcc.o(i.HAL_RCC_GetPCLK2Freq)
    HAL_RCC_GetSysClockFreq                  0x0800d0d1   Thumb Code   162  stm32f4xx_hal_rcc.o(i.HAL_RCC_GetSysClockFreq)
    HAL_RCC_OscConfig                        0x0800d181   Thumb Code  1086  stm32f4xx_hal_rcc.o(i.HAL_RCC_OscConfig)
    HAL_RTC_Init                             0x0800d5c9   Thumb Code   212  stm32f4xx_hal_rtc.o(i.HAL_RTC_Init)
    HAL_RTC_MspInit                          0x0800d6a1   Thumb Code   172  stm32f4xx_hal_msp.o(i.HAL_RTC_MspInit)
    HAL_RTC_SetDate                          0x0800d759   Thumb Code   254  stm32f4xx_hal_rtc.o(i.HAL_RTC_SetDate)
    HAL_RTC_SetTime                          0x0800d85d   Thumb Code   296  stm32f4xx_hal_rtc.o(i.HAL_RTC_SetTime)
    HAL_RTC_WaitForSynchro                   0x0800d989   Thumb Code    58  stm32f4xx_hal_rtc.o(i.HAL_RTC_WaitForSynchro)
    HAL_SYSTICK_Config                       0x0800d9c3   Thumb Code    52  stm32f4xx_hal_cortex.o(i.HAL_SYSTICK_Config)
    HAL_TIMEx_BreakCallback                  0x0800d9f7   Thumb Code     2  stm32f4xx_hal_tim_ex.o(i.HAL_TIMEx_BreakCallback)
    HAL_TIMEx_CommutCallback                 0x0800d9f9   Thumb Code     2  stm32f4xx_hal_tim_ex.o(i.HAL_TIMEx_CommutCallback)
    HAL_TIMEx_MasterConfigSynchronization    0x0800d9fb   Thumb Code    84  stm32f4xx_hal_tim_ex.o(i.HAL_TIMEx_MasterConfigSynchronization)
    HAL_TIM_Base_Init                        0x0800da4f   Thumb Code    52  stm32f4xx_hal_tim.o(i.HAL_TIM_Base_Init)
    HAL_TIM_Base_MspInit                     0x0800da85   Thumb Code    62  stm32f4xx_hal_msp.o(i.HAL_TIM_Base_MspInit)
    HAL_TIM_Base_Start_IT                    0x0800dacd   Thumb Code    42  stm32f4xx_hal_tim.o(i.HAL_TIM_Base_Start_IT)
    HAL_TIM_ConfigClockSource                0x0800daf7   Thumb Code   264  stm32f4xx_hal_tim.o(i.HAL_TIM_ConfigClockSource)
    HAL_TIM_IC_CaptureCallback               0x0800dbff   Thumb Code     2  stm32f4xx_hal_tim.o(i.HAL_TIM_IC_CaptureCallback)
    HAL_TIM_IRQHandler                       0x0800dc01   Thumb Code   406  stm32f4xx_hal_tim.o(i.HAL_TIM_IRQHandler)
    HAL_TIM_OC_DelayElapsedCallback          0x0800dd97   Thumb Code     2  stm32f4xx_hal_tim.o(i.HAL_TIM_OC_DelayElapsedCallback)
    HAL_TIM_PWM_PulseFinishedCallback        0x0800dd99   Thumb Code     2  stm32f4xx_hal_tim.o(i.HAL_TIM_PWM_PulseFinishedCallback)
    HAL_TIM_PeriodElapsedCallback            0x0800dd9d   Thumb Code    16  main.o(i.HAL_TIM_PeriodElapsedCallback)
    HAL_TIM_TriggerCallback                  0x0800ddb5   Thumb Code     2  stm32f4xx_hal_tim.o(i.HAL_TIM_TriggerCallback)
    HAL_UART_ErrorCallback                   0x0800ddb7   Thumb Code     2  stm32f4xx_hal_uart.o(i.HAL_UART_ErrorCallback)
    HAL_UART_Init                            0x0800ddb9   Thumb Code   114  stm32f4xx_hal_uart.o(i.HAL_UART_Init)
    HAL_UART_MspInit                         0x0800de2b   Thumb Code     2  stm32f4xx_hal_uart.o(i.HAL_UART_MspInit)
    HAL_UART_Receive_DMA                     0x0800de2d   Thumb Code   182  stm32f4xx_hal_uart.o(i.HAL_UART_Receive_DMA)
    HAL_UART_RxCpltCallback                  0x0800def1   Thumb Code     2  stm32f4xx_hal_uart.o(i.HAL_UART_RxCpltCallback)
    HAL_UART_RxHalfCpltCallback              0x0800def3   Thumb Code     2  stm32f4xx_hal_uart.o(i.HAL_UART_RxHalfCpltCallback)
    HTS221_DeInit                            0x0800e025   Thumb Code    50  hts221.o(i.HTS221_DeInit)
    HTS221_GetCapabilities                   0x0800e059   Thumb Code    44  hts221.o(i.HTS221_GetCapabilities)
    HTS221_HUM_Disable                       0x0800e0ed   Thumb Code    48  hts221.o(i.HTS221_HUM_Disable)
    HTS221_HUM_Enable                        0x0800e11d   Thumb Code    50  hts221.o(i.HTS221_HUM_Enable)
    HTS221_HUM_GetHumidity                   0x0800e151   Thumb Code   246  hts221.o(i.HTS221_HUM_GetHumidity)
    HTS221_HUM_GetOutputDataRate             0x0800e251   Thumb Code    16  hts221.o(i.HTS221_HUM_GetOutputDataRate)
    HTS221_HUM_SetOutputDataRate             0x0800e261   Thumb Code    28  hts221.o(i.HTS221_HUM_SetOutputDataRate)
    HTS221_Init                              0x0800e27d   Thumb Code    34  hts221.o(i.HTS221_Init)
    HTS221_ReadID                            0x0800e2dd   Thumb Code    28  hts221.o(i.HTS221_ReadID)
    HTS221_RegisterBusIO                     0x0800e2f9   Thumb Code    68  hts221.o(i.HTS221_RegisterBusIO)
    HTS221_TEMP_Disable                      0x0800e393   Thumb Code    48  hts221.o(i.HTS221_TEMP_Disable)
    HTS221_TEMP_Enable                       0x0800e3c3   Thumb Code    50  hts221.o(i.HTS221_TEMP_Enable)
    HTS221_TEMP_GetOutputDataRate            0x0800e3f5   Thumb Code    16  hts221.o(i.HTS221_TEMP_GetOutputDataRate)
    HTS221_TEMP_GetTemperature               0x0800e405   Thumb Code   198  hts221.o(i.HTS221_TEMP_GetTemperature)
    HTS221_TEMP_SetOutputDataRate            0x0800e4cb   Thumb Code    28  hts221.o(i.HTS221_TEMP_SetOutputDataRate)
    HardFault_Handler                        0x0800e4e7   Thumb Code     4  stm32f4xx_it.o(i.HardFault_Handler)
    IKS01A2_ENV_SENSOR_Init                  0x0800ea29   Thumb Code   278  iks01a2_env_sensors.o(i.IKS01A2_ENV_SENSOR_Init)
    LPS22HB_DeInit                           0x0800ed85   Thumb Code    50  lps22hb.o(i.LPS22HB_DeInit)
    LPS22HB_GetCapabilities                  0x0800edb9   Thumb Code    42  lps22hb.o(i.LPS22HB_GetCapabilities)
    LPS22HB_Init                             0x0800ee6d   Thumb Code    34  lps22hb.o(i.LPS22HB_Init)
    LPS22HB_PRESS_Disable                    0x0800ef0d   Thumb Code    68  lps22hb.o(i.LPS22HB_PRESS_Disable)
    LPS22HB_PRESS_Enable                     0x0800ef51   Thumb Code    46  lps22hb.o(i.LPS22HB_PRESS_Enable)
    LPS22HB_PRESS_GetOutputDataRate          0x0800ef7f   Thumb Code    16  lps22hb.o(i.LPS22HB_PRESS_GetOutputDataRate)
    LPS22HB_PRESS_GetPressure                0x0800ef8f   Thumb Code    42  lps22hb.o(i.LPS22HB_PRESS_GetPressure)
    LPS22HB_PRESS_SetOutputDataRate          0x0800efb9   Thumb Code    48  lps22hb.o(i.LPS22HB_PRESS_SetOutputDataRate)
    LPS22HB_ReadID                           0x0800efe9   Thumb Code    28  lps22hb.o(i.LPS22HB_ReadID)
    LPS22HB_RegisterBusIO                    0x0800f005   Thumb Code   112  lps22hb.o(i.LPS22HB_RegisterBusIO)
    LPS22HB_TEMP_Disable                     0x0800f161   Thumb Code    68  lps22hb.o(i.LPS22HB_TEMP_Disable)
    LPS22HB_TEMP_Enable                      0x0800f1a5   Thumb Code    46  lps22hb.o(i.LPS22HB_TEMP_Enable)
    LPS22HB_TEMP_GetOutputDataRate           0x0800f1d3   Thumb Code    16  lps22hb.o(i.LPS22HB_TEMP_GetOutputDataRate)
    LPS22HB_TEMP_GetTemperature              0x0800f1e3   Thumb Code    44  lps22hb.o(i.LPS22HB_TEMP_GetTemperature)
    LPS22HB_TEMP_SetOutputDataRate           0x0800f20f   Thumb Code    48  lps22hb.o(i.LPS22HB_TEMP_SetOutputDataRate)
    LPS22HB_Write_Reg                        0x0800f23f   Thumb Code    32  lps22hb.o(i.LPS22HB_Write_Reg)
    MX_I2C1_Init                             0x0800f2dd   Thumb Code    48  i2c.o(i.MX_I2C1_Init)
    MotionFX_LoadMagCalFromNVM               0x0800f511   Thumb Code     6  motionfx_manager.o(i.MotionFX_LoadMagCalFromNVM)
    MotionFX_SaveMagCalInNVM                 0x0800f517   Thumb Code     6  motionfx_manager.o(i.MotionFX_SaveMagCalInNVM)
    MotionFX_manager_MagCal_run              0x0800f51d   Thumb Code    20  motionfx_manager.o(i.MotionFX_manager_MagCal_run)
    MotionFX_manager_MagCal_start            0x0800f531   Thumb Code    14  motionfx_manager.o(i.MotionFX_manager_MagCal_start)
    MotionFX_manager_MagCal_stop             0x0800f53f   Thumb Code    14  motionfx_manager.o(i.MotionFX_manager_MagCal_stop)
    MotionFX_manager_get_version             0x0800f54d   Thumb Code    16  motionfx_manager.o(i.MotionFX_manager_get_version)
    MotionFX_manager_init                    0x0800f55d   Thumb Code   222  motionfx_manager.o(i.MotionFX_manager_init)
    MotionFX_manager_run                     0x0800f64d   Thumb Code    58  motionfx_manager.o(i.MotionFX_manager_run)
    MotionFX_manager_start_9X                0x0800f691   Thumb Code    10  motionfx_manager.o(i.MotionFX_manager_start_9X)
    NMI_Handler                              0x0800f69b   Thumb Code     2  stm32f4xx_it.o(i.NMI_Handler)
    RTC_ByteToBcd2                           0x0800f6d5   Thumb Code    26  stm32f4xx_hal_rtc.o(i.RTC_ByteToBcd2)
    RTC_EnterInitMode                        0x0800f76d   Thumb Code    62  stm32f4xx_hal_rtc.o(i.RTC_EnterInitMode)
    SysTick_Handler                          0x0800f891   Thumb Code     8  stm32f4xx_it.o(i.SysTick_Handler)
    SystemClock_Config                       0x0800f899   Thumb Code   178  cube_hal_f4.o(i.SystemClock_Config)
    SystemInit                               0x0800f955   Thumb Code    82  system_stm32f4xx.o(i.SystemInit)
    TIM3_IRQHandler                          0x0800f9b9   Thumb Code    10  stm32f4xx_it.o(i.TIM3_IRQHandler)
    TIM_Base_SetConfig                       0x0800f9c9   Thumb Code   134  stm32f4xx_hal_tim.o(i.TIM_Base_SetConfig)
    TIM_ETR_SetConfig                        0x0800fa6d   Thumb Code    22  stm32f4xx_hal_tim.o(i.TIM_ETR_SetConfig)
    USARTConfig                              0x0800ff25   Thumb Code   252  com.o(i.USARTConfig)
    USART_DMA_Configuration                  0x08010039   Thumb Code    32  com.o(i.USART_DMA_Configuration)
    __ARM_fpclassify                         0x080100f1   Thumb Code    48  fpclassify.o(i.__ARM_fpclassify)
    __ARM_fpclassifyf                        0x08010121   Thumb Code    38  fpclassifyf.o(i.__ARM_fpclassifyf)
    __hardfp_acosf                           0x08010149   Thumb Code   234  acosf.o(i.__hardfp_acosf)
    __hardfp_asin                            0x08010261   Thumb Code   770  asin.o(i.__hardfp_asin)
    __hardfp_atan                            0x080105c1   Thumb Code   622  atan.o(i.__hardfp_atan)
    __hardfp_atan2                           0x08010899   Thumb Code   432  atan2.o(i.__hardfp_atan2)
    __hardfp_cosf                            0x08010a89   Thumb Code   280  cosf.o(i.__hardfp_cosf)
    __hardfp_floor                           0x08010bd9   Thumb Code   252  floor.o(i.__hardfp_floor)
    __hardfp_roundf                          0x08010cf1   Thumb Code   154  roundf.o(i.__hardfp_roundf)
    __hardfp_sinf                            0x08010d8d   Thumb Code   344  sinf.o(i.__hardfp_sinf)
    __hardfp_tanf                            0x08010f1d   Thumb Code   322  tanf.o(i.__hardfp_tanf)
    __kernel_poly                            0x08011099   Thumb Code   248  poly.o(i.__kernel_poly)
    __mathlib_dbl_infnan                     0x08011191   Thumb Code    20  dunder.o(i.__mathlib_dbl_infnan)
    __mathlib_dbl_infnan2                    0x080111a5   Thumb Code    20  dunder.o(i.__mathlib_dbl_infnan2)
    __mathlib_dbl_invalid                    0x080111b9   Thumb Code    24  dunder.o(i.__mathlib_dbl_invalid)
    __mathlib_dbl_underflow                  0x080111d9   Thumb Code    24  dunder.o(i.__mathlib_dbl_underflow)
    __mathlib_flt_infnan                     0x080111f9   Thumb Code     6  funder.o(i.__mathlib_flt_infnan)
    __mathlib_flt_invalid                    0x08011201   Thumb Code    10  funder.o(i.__mathlib_flt_invalid)
    __mathlib_flt_underflow                  0x08011211   Thumb Code    10  funder.o(i.__mathlib_flt_underflow)
    __mathlib_rredf2                         0x08011221   Thumb Code   316  rredf.o(i.__mathlib_rredf2)
    __scatterload_copy                       0x08011375   Thumb Code    14  handlers.o(i.__scatterload_copy)
    __scatterload_null                       0x08011383   Thumb Code     2  handlers.o(i.__scatterload_null)
    __scatterload_zeroinit                   0x08011385   Thumb Code    14  handlers.o(i.__scatterload_zeroinit)
    __set_errno                              0x08011395   Thumb Code     6  errno.o(i.__set_errno)
    acosf                                    0x080113a1   Thumb Code    16  acosf.o(i.acosf)
    asin                                     0x080113b1   Thumb Code    16  asin.o(i.asin)
    atan                                     0x080113c1   Thumb Code    16  atan.o(i.atan)
    atan2                                    0x080113d1   Thumb Code    20  atan2.o(i.atan2)
    cosf                                     0x080113e5   Thumb Code    16  cosf.o(i.cosf)
    fabs                                     0x080113f5   Thumb Code    24  fabs.o(i.fabs)
    floor                                    0x0801140d   Thumb Code    16  floor.o(i.floor)
    hts221_block_data_update_set             0x0801141d   Thumb Code    50  hts221_reg.o(i.hts221_block_data_update_set)
    hts221_data_rate_get                     0x0801144f   Thumb Code    80  hts221_reg.o(i.hts221_data_rate_get)
    hts221_data_rate_set                     0x0801149f   Thumb Code    50  hts221_reg.o(i.hts221_data_rate_set)
    hts221_device_id_get                     0x080114d1   Thumb Code    24  hts221_reg.o(i.hts221_device_id_get)
    hts221_hum_adc_point_0_get               0x080114e9   Thumb Code    24  hts221_reg.o(i.hts221_hum_adc_point_0_get)
    hts221_hum_adc_point_1_get               0x08011501   Thumb Code    24  hts221_reg.o(i.hts221_hum_adc_point_1_get)
    hts221_hum_rh_point_0_get                0x08011519   Thumb Code    30  hts221_reg.o(i.hts221_hum_rh_point_0_get)
    hts221_hum_rh_point_1_get                0x08011537   Thumb Code    30  hts221_reg.o(i.hts221_hum_rh_point_1_get)
    hts221_humidity_raw_get                  0x08011555   Thumb Code    24  hts221_reg.o(i.hts221_humidity_raw_get)
    hts221_power_on_set                      0x0801156d   Thumb Code    50  hts221_reg.o(i.hts221_power_on_set)
    hts221_read_reg                          0x0801159f   Thumb Code    32  hts221_reg.o(i.hts221_read_reg)
    hts221_temp_adc_point_0_get              0x080115bf   Thumb Code    24  hts221_reg.o(i.hts221_temp_adc_point_0_get)
    hts221_temp_adc_point_1_get              0x080115d7   Thumb Code    24  hts221_reg.o(i.hts221_temp_adc_point_1_get)
    hts221_temp_deg_point_0_get              0x080115ef   Thumb Code    64  hts221_reg.o(i.hts221_temp_deg_point_0_get)
    hts221_temp_deg_point_1_get              0x0801162f   Thumb Code    64  hts221_reg.o(i.hts221_temp_deg_point_1_get)
    hts221_temperature_raw_get               0x0801166f   Thumb Code    24  hts221_reg.o(i.hts221_temperature_raw_get)
    hts221_write_reg                         0x08011687   Thumb Code    34  hts221_reg.o(i.hts221_write_reg)
    lps22hb_auto_add_inc_set                 0x080116a9   Thumb Code    50  lps22hb_reg.o(i.lps22hb_auto_add_inc_set)
    lps22hb_block_data_update_set            0x080116db   Thumb Code    50  lps22hb_reg.o(i.lps22hb_block_data_update_set)
    lps22hb_data_rate_get                    0x0801170d   Thumb Code    90  lps22hb_reg.o(i.lps22hb_data_rate_get)
    lps22hb_data_rate_set                    0x08011767   Thumb Code    50  lps22hb_reg.o(i.lps22hb_data_rate_set)
    lps22hb_device_id_get                    0x08011799   Thumb Code    24  lps22hb_reg.o(i.lps22hb_device_id_get)
    lps22hb_from_lsb_to_degc                 0x080117b1   Thumb Code    18  lps22hb_reg.o(i.lps22hb_from_lsb_to_degc)
    lps22hb_from_lsb_to_hpa                  0x080117c9   Thumb Code    18  lps22hb_reg.o(i.lps22hb_from_lsb_to_hpa)
    lps22hb_low_pass_filter_mode_set         0x080117e1   Thumb Code    50  lps22hb_reg.o(i.lps22hb_low_pass_filter_mode_set)
    lps22hb_low_power_set                    0x08011813   Thumb Code    50  lps22hb_reg.o(i.lps22hb_low_power_set)
    lps22hb_pressure_raw_get                 0x08011845   Thumb Code    24  lps22hb_reg.o(i.lps22hb_pressure_raw_get)
    lps22hb_read_reg                         0x0801185d   Thumb Code    32  lps22hb_reg.o(i.lps22hb_read_reg)
    lps22hb_temperature_raw_get              0x0801187d   Thumb Code    24  lps22hb_reg.o(i.lps22hb_temperature_raw_get)
    lps22hb_write_reg                        0x08011895   Thumb Code    34  lps22hb_reg.o(i.lps22hb_write_reg)
    main                                     0x080118b9   Thumb Code   278  main.o(i.main)
    roundf                                   0x080119e9   Thumb Code    16  roundf.o(i.roundf)
    sinf                                     0x080119f9   Thumb Code    16  sinf.o(i.sinf)
    sqrt                                     0x08011a09   Thumb Code   110  sqrt.o(i.sqrt)
    sqrtf                                    0x08011a77   Thumb Code    62  sqrtf.o(i.sqrtf)
    tanf                                     0x08011ab5   Thumb Code    16  tanf.o(i.tanf)
    GPIO_PIN                                 0x08011ac4   Data           2  stm32f4xx_nucleo.o(.constdata)
    BUTTON_PIN                               0x08011ac6   Data           2  stm32f4xx_nucleo.o(.constdata)
    BUTTON_IRQn                              0x08011ac8   Data           1  stm32f4xx_nucleo.o(.constdata)
    AHBPrescTable                            0x08011ac9   Data          16  system_stm32f4xx.o(.constdata)
    APBPrescTable                            0x08011ad9   Data           8  system_stm32f4xx.o(.constdata)
    __mathlib_zero                           0x08011bd8   Data           8  qnan.o(.constdata)
    Region$$Table$$Base                      0x08011dbc   Number         0  anon$$obj.o(Region$$Table)
    Region$$Table$$Limit                     0x08011ddc   Number         0  anon$$obj.o(Region$$Table)
    HTS221_COMMON_Driver                     0x20000000   Data          16  hts221.o(.data)
    HTS221_HUM_Driver                        0x20000010   Data          20  hts221.o(.data)
    HTS221_TEMP_Driver                       0x20000024   Data          20  hts221.o(.data)
    LPS22HB_COMMON_Driver                    0x20000038   Data          16  lps22hb.o(.data)
    LPS22HB_PRESS_Driver                     0x20000048   Data          20  lps22hb.o(.data)
    LPS22HB_TEMP_Driver                      0x2000005c   Data          20  lps22hb.o(.data)
    GPIO_PORT                                0x20000070   Data           4  stm32f4xx_nucleo.o(.data)
    BUTTON_PORT                              0x20000074   Data           4  stm32f4xx_nucleo.o(.data)
    SpixTimeout                              0x20000078   Data           4  stm32f4xx_nucleo.o(.data)
    EnvCompObj                               0x2000007c   Data           8  iks01a2_env_sensors.o(.data)
    SystemCoreClock                          0x200000a8   Data           4  system_stm32f4xx.o(.data)
    Enabled6X                                0x200000ac   Data           1  demoserial.o(.data)
    UsartBaudRate                            0x200000d8   Data           4  com.o(.data)
    UartEngine                               0x200000dc   Data           8  com.o(.data)
    DataLoggerActive                         0x200000e4   Data           1  main.o(.data)
    SensorsEnabled                           0x200000e8   Data           4  main.o(.data)
    status                                   0x200000f2   Data           1  main.o(.data)
    UseLSI                                   0x200000fc   Data           4  stm32f4xx_hal_msp.o(.data)
    uwTick                                   0x2000010c   Data           4  stm32f4xx_hal.o(.data)
    uwTickPrio                               0x20000110   Data           4  stm32f4xx_hal.o(.data)
    uwTickFreq                               0x20000114   Data           1  stm32f4xx_hal.o(.data)
    UartRxBuffer                             0x2000134c   Data         512  com.o(.bss)
    UartHandle                               0x2000154c   Data          64  com.o(.bss)
    AlgoTimHandle                            0x200017ec   Data          64  main.o(.bss)
    hbusi2c1                                 0x200018b8   Data          84  nucleo_f401re_bus.o(.bss)
    hi2c1                                    0x2000190c   Data          84  i2c.o(.bss)
    __initial_sp                             0x2000a750   Data           0  startup_stm32f401xe.o(STACK)



==============================================================================

Memory Map of the image

  Image Entry point : 0x08000195

  Load Region LR_IROM1 (Base: 0x08000000, Size: 0x000130b8, Max: 0x00100000, ABSOLUTE, COMPRESSED[0x00011ef8])

    Execution Region ER_IROM1 (Exec base: 0x08000000, Load base: 0x08000000, Size: 0x00011ddc, Max: 0x00100000, ABSOLUTE)

    Exec Addr    Load Addr    Size         Type   Attr      Idx    E Section Name        Object

    0x08000000   0x08000000   0x00000194   Data   RO         5484    RESET               startup_stm32f401xe.o
    0x08000194   0x08000194   0x00000000   Code   RO        10346  * .ARM.Collect$$$$00000000  mc_w.l(entry.o)
    0x08000194   0x08000194   0x00000004   Code   RO        10459    .ARM.Collect$$$$00000001  mc_w.l(entry2.o)
    0x08000198   0x08000198   0x00000004   Code   RO        10462    .ARM.Collect$$$$00000004  mc_w.l(entry5.o)
    0x0800019c   0x0800019c   0x00000000   Code   RO        10464    .ARM.Collect$$$$00000008  mc_w.l(entry7b.o)
    0x0800019c   0x0800019c   0x00000000   Code   RO        10466    .ARM.Collect$$$$0000000A  mc_w.l(entry8b.o)
    0x0800019c   0x0800019c   0x00000008   Code   RO        10467    .ARM.Collect$$$$0000000B  mc_w.l(entry9a.o)
    0x080001a4   0x080001a4   0x00000000   Code   RO        10469    .ARM.Collect$$$$0000000D  mc_w.l(entry10a.o)
    0x080001a4   0x080001a4   0x00000000   Code   RO        10471    .ARM.Collect$$$$0000000F  mc_w.l(entry11a.o)
    0x080001a4   0x080001a4   0x00000004   Code   RO        10460    .ARM.Collect$$$$00002712  mc_w.l(entry2.o)
    0x080001a8   0x080001a8   0x00000024   Code   RO         5485    .text               startup_stm32f401xe.o
    0x080001cc   0x080001cc   0x00000062   Code   RO        10349    .text               mc_w.l(uldiv.o)
    0x0800022e   0x0800022e   0x00000028   Code   RO        10351    .text               mc_w.l(memcpy.o)
    0x08000256   0x08000256   0x00000024   Code   RO        10357    .text               mc_w.l(memseta.o)
    0x0800027a   0x0800027a   0x00000012   Code   RO        10359    .text               mc_w.l(strcpy.o)
    0x0800028c   0x0800028c   0x0000014e   Code   RO        10365    .text               mf_w.l(dadd.o)
    0x080003da   0x080003da   0x000000e4   Code   RO        10367    .text               mf_w.l(dmul.o)
    0x080004be   0x080004be   0x000000de   Code   RO        10369    .text               mf_w.l(ddiv.o)
    0x0800059c   0x0800059c   0x00000036   Code   RO        10371    .text               mf_w.l(dcmple.o)
    0x080005d2   0x080005d2   0x00000036   Code   RO        10373    .text               mf_w.l(dcmplt.o)
    0x08000608   0x08000608   0x00000036   Code   RO        10375    .text               mf_w.l(dcmpge.o)
    0x0800063e   0x0800063e   0x00000036   Code   RO        10377    .text               mf_w.l(dcmpgt.o)
    0x08000674   0x08000674   0x00000038   Code   RO        10379    .text               mf_w.l(dcmpeq.o)
    0x080006ac   0x080006ac   0x0000001a   Code   RO        10381    .text               mf_w.l(dfltui.o)
    0x080006c6   0x080006c6   0x0000003e   Code   RO        10383    .text               mf_w.l(dfixi.o)
    0x08000704   0x08000704   0x00000026   Code   RO        10385    .text               mf_w.l(f2d.o)
    0x0800072a   0x0800072a   0x00000038   Code   RO        10387    .text               mf_w.l(d2f.o)
    0x08000762   0x08000762   0x0000001e   Code   RO        10473    .text               mc_w.l(llshl.o)
    0x08000780   0x08000780   0x00000020   Code   RO        10475    .text               mc_w.l(llushr.o)
    0x080007a0   0x080007a0   0x00000024   Code   RO        10477    .text               mc_w.l(llsshr.o)
    0x080007c4   0x080007c4   0x00000000   Code   RO        10486    .text               mc_w.l(iusefp.o)
    0x080007c4   0x080007c4   0x0000006e   Code   RO        10487    .text               mf_w.l(fepilogue.o)
    0x08000832   0x08000832   0x0000003c   Code   RO        10489    .text               mf_w.l(frnd.o)
    0x0800086e   0x0800086e   0x000000ba   Code   RO        10491    .text               mf_w.l(depilogue.o)
    0x08000928   0x08000928   0x000000a2   Code   RO        10495    .text               mf_w.l(dsqrt.o)
    0x080009ca   0x080009ca   0x00000002   PAD
    0x080009cc   0x080009cc   0x00000030   Code   RO        10499    .text               mf_w.l(cdrcmple.o)
    0x080009fc   0x080009fc   0x00000024   Code   RO        10501    .text               mc_w.l(init.o)
    0x08000a20   0x08000a20   0x00000056   Code   RO        10511    .text               mc_w.l(__dczerorl2.o)
    0x08000a76   0x08000a76   0x00000002   PAD
    0x08000a78   0x08000a78   0x00000080   Code   RO        10218    .text.MEMSLoadMagCalNVM  MotionFX_CM4F_wc16_ot.a(motion_fx.o)
    0x08000af8   0x08000af8   0x00000054   Code   RO        10220    .text.MEMSSaveMagCalNVM  MotionFX_CM4F_wc16_ot.a(motion_fx.o)
    0x08000b4c   0x08000b4c   0x00000018   Code   RO        10209    .text.MEMS_DataBuffInit  MotionFX_CM4F_wc16_ot.a(motion_fx.o)
    0x08000b64   0x08000b64   0x00000008   Code   RO        10208    .text.MEMS_EmptyDataFrame  MotionFX_CM4F_wc16_ot.a(motion_fx.o)
    0x08000b6c   0x08000b6c   0x00000074   Code   RO        10210    .text.MEMS_checkTimeToRun  MotionFX_CM4F_wc16_ot.a(motion_fx.o)
    0x08000be0   0x08000be0   0x000000d4   Code   RO        10212    .text.MEMS_getSensorData_I16  MotionFX_CM4F_wc16_ot.a(motion_fx.o)
    0x08000cb4   0x08000cb4   0x000026ac   Code   RO        10228    .text.MEMS_runMagCal.constprop.14  MotionFX_CM4F_wc16_ot.a(motion_fx.o)
    0x08003360   0x08003360   0x0000026c   Code   RO        10225    .text.MEMS_updateMagBufferIndex.constprop.24  MotionFX_CM4F_wc16_ot.a(motion_fx.o)
    0x080035cc   0x080035cc   0x00000004   Code   RO        10217    .text.MEMSloadFromNVM.isra.10  MotionFX_CM4F_wc16_ot.a(motion_fx.o)
    0x080035d0   0x080035d0   0x00000004   Code   RO        10219    .text.MEMSsaveInNVM.isra.11  MotionFX_CM4F_wc16_ot.a(motion_fx.o)
    0x080035d4   0x080035d4   0x0000004c   Code   RO        10248    .text.MotionFX_GetLibVersion  MotionFX_CM4F_wc16_ot.a(motion_fx.o)
    0x08003620   0x08003620   0x00000060   Code   RO        10247    .text.MotionFX_MagCal_getParams  MotionFX_CM4F_wc16_ot.a(motion_fx.o)
    0x08003680   0x08003680   0x00000160   Code   RO        10245    .text.MotionFX_MagCal_init  MotionFX_CM4F_wc16_ot.a(motion_fx.o)
    0x080037e0   0x080037e0   0x0000014c   Code   RO        10246    .text.MotionFX_MagCal_run  MotionFX_CM4F_wc16_ot.a(motion_fx.o)
    0x0800392c   0x0800392c   0x00000040   Code   RO        10239    .text.MotionFX_enable_6X  MotionFX_CM4F_wc16_ot.a(motion_fx.o)
    0x0800396c   0x0800396c   0x00000044   Code   RO        10240    .text.MotionFX_enable_9X  MotionFX_CM4F_wc16_ot.a(motion_fx.o)
    0x080039b0   0x080039b0   0x000000ac   Code   RO        10236    .text.MotionFX_getKnobs  MotionFX_CM4F_wc16_ot.a(motion_fx.o)
    0x08003a5c   0x08003a5c   0x00000004   PAD
    0x08003a60   0x08003a60   0x00000444   Code   RO        10234    .text.MotionFX_initialize  MotionFX_CM4F_wc16_ot.a(motion_fx.o)
    0x08003ea4   0x08003ea4   0x00000004   PAD
    0x08003ea8   0x08003ea8   0x00000aec   Code   RO        10244    .text.MotionFX_propagate  MotionFX_CM4F_wc16_ot.a(motion_fx.o)
    0x08004994   0x08004994   0x000000c8   Code   RO        10235    .text.MotionFX_setKnobs  MotionFX_CM4F_wc16_ot.a(motion_fx.o)
    0x08004a5c   0x08004a5c   0x00000384   Code   RO        10243    .text.MotionFX_update  MotionFX_CM4F_wc16_ot.a(motion_fx.o)
    0x08004de0   0x08004de0   0x000003e8   Code   RO        10230    .text.SpacePointAlgorithm.isra.7  MotionFX_CM4F_wc16_ot.a(motion_fx.o)
    0x080051c8   0x080051c8   0x00000110   Code   RO        10214    .text.SpacePointGyroProp  MotionFX_CM4F_wc16_ot.a(motion_fx.o)
    0x080052d8   0x080052d8   0x000001e4   Code   RO        10224    .text.getMagStats.constprop.26  MotionFX_CM4F_wc16_ot.a(motion_fx.o)
    0x080054bc   0x080054bc   0x00000004   PAD
    0x080054c0   0x080054c0   0x00000520   Code   RO        10226    .text.iNemo_quat2heading  MotionFX_CM4F_wc16_ot.a(motion_fx.o)
    0x080059e0   0x080059e0   0x000003b0   Code   RO        10222    .text.iNemo_setOrientation.constprop.40  MotionFX_CM4F_wc16_ot.a(motion_fx.o)
    0x08005d90   0x08005d90   0x000003b0   Code   RO        10223    .text.iNemo_setOrientation_6X.constprop.41  MotionFX_CM4F_wc16_ot.a(motion_fx.o)
    0x08006140   0x08006140   0x00000520   Code   RO        10232    .text.iNemo_update.constprop.35  MotionFX_CM4F_wc16_ot.a(motion_fx.o)
    0x08006660   0x08006660   0x000003fc   Code   RO        10231    .text.iNemo_update_6X.constprop.34  MotionFX_CM4F_wc16_ot.a(motion_fx.o)
    0x08006a5c   0x08006a5c   0x000001b0   Code   RO        10213    .text.m_dcm2q_eml   MotionFX_CM4F_wc16_ot.a(motion_fx.o)
    0x08006c0c   0x08006c0c   0x00000004   PAD
    0x08006c10   0x08006c10   0x00003f7c   Code   RO        10229    .text.m_kalman_3gyro.isra.6.constprop.36  MotionFX_CM4F_wc16_ot.a(motion_fx.o)
    0x0800ab8c   0x0800ab8c   0x0000037c   Code   RO        10205    .text.m_mldivide    MotionFX_CM4F_wc16_ot.a(motion_fx.o)
    0x0800af08   0x0800af08   0x000000d4   Code   RO        10207    .text.m_q2dcm_eml   MotionFX_CM4F_wc16_ot.a(motion_fx.o)
    0x0800afdc   0x0800afdc   0x00000080   Code   RO        10206    .text.m_qmult_eml   MotionFX_CM4F_wc16_ot.a(motion_fx.o)
    0x0800b05c   0x0800b05c   0x000004e8   Code   RO        10227    .text.output_update  MotionFX_CM4F_wc16_ot.a(motion_fx.o)
    0x0800b544   0x0800b544   0x000001f8   Code   RO        10215    .text.quatErr2EulerErr  MotionFX_CM4F_wc16_ot.a(motion_fx.o)
    0x0800b73c   0x0800b73c   0x00000020   Code   RO        10216    .text.rt_InitInfAndNaN.isra.3  MotionFX_CM4F_wc16_ot.a(motion_fx.o)
    0x0800b75c   0x0800b75c   0x000000ac   Code   RO        10221    .text.unlikely.llEvaluate.constprop.23  MotionFX_CM4F_wc16_ot.a(motion_fx.o)
    0x0800b808   0x0800b808   0x000000c4   Code   RO        10211    .text.updateProcBuffer_Temp  MotionFX_CM4F_wc16_ot.a(motion_fx.o)
    0x0800b8cc   0x0800b8cc   0x000000b4   Code   RO         5629    i.Accelero_Sensor_Handler  main.o
    0x0800b980   0x0800b980   0x00000008   Code   RO         6131    i.BSP_GetTick       nucleo_f401re_bus.o
    0x0800b988   0x0800b988   0x00000020   Code   RO         6132    i.BSP_I2C1_DeInit   nucleo_f401re_bus.o
    0x0800b9a8   0x0800b9a8   0x00000044   Code   RO         6133    i.BSP_I2C1_Init     nucleo_f401re_bus.o
    0x0800b9ec   0x0800b9ec   0x00000038   Code   RO         6135    i.BSP_I2C1_ReadReg  nucleo_f401re_bus.o
    0x0800ba24   0x0800ba24   0x00000038   Code   RO         6140    i.BSP_I2C1_WriteReg  nucleo_f401re_bus.o
    0x0800ba5c   0x0800ba5c   0x00000068   Code   RO         4426    i.BSP_LED_Init      stm32f4xx_nucleo.o
    0x0800bac4   0x0800bac4   0x00000020   Code   RO         4427    i.BSP_LED_Off       stm32f4xx_nucleo.o
    0x0800bae4   0x0800bae4   0x00000020   Code   RO         4428    i.BSP_LED_On        stm32f4xx_nucleo.o
    0x0800bb04   0x0800bb04   0x00000020   Code   RO         4431    i.BSP_PB_GetState   stm32f4xx_nucleo.o
    0x0800bb24   0x0800bb24   0x00000098   Code   RO         4432    i.BSP_PB_Init       stm32f4xx_nucleo.o
    0x0800bbbc   0x0800bbbc   0x00000038   Code   RO         5818    i.Config_DMA_Handler  cube_hal_f4.o
    0x0800bbf4   0x0800bbf4   0x00000034   Code   RO         6659    i.DMA_CalcBaseAndBitshift  stm32f4xx_hal_dma.o
    0x0800bc28   0x0800bc28   0x000000aa   Code   RO         6660    i.DMA_CheckFifoParam  stm32f4xx_hal_dma.o
    0x0800bcd2   0x0800bcd2   0x0000002c   Code   RO         6661    i.DMA_SetConfig     stm32f4xx_hal_dma.o
    0x0800bcfe   0x0800bcfe   0x00000002   Code   RO         5860    i.DebugMon_Handler  stm32f4xx_it.o
    0x0800bd00   0x0800bd00   0x0000000c   Code   RO         5861    i.EXTI15_10_IRQHandler  stm32f4xx_it.o
    0x0800bd0c   0x0800bd0c   0x0000001c   Code   RO         5630    i.Error_Handler     main.o
    0x0800bd28   0x0800bd28   0x000001a8   Code   RO         5631    i.FX_Data_Handler   main.o
    0x0800bed0   0x0800bed0   0x000000a4   Code   RO         5632    i.Gyro_Sensor_Handler  main.o
    0x0800bf74   0x0800bf74   0x000000ec   Code   RO         6668    i.HAL_DMA_Init      stm32f4xx_hal_dma.o
    0x0800c060   0x0800c060   0x0000009e   Code   RO         6672    i.HAL_DMA_Start_IT  stm32f4xx_hal_dma.o
    0x0800c0fe   0x0800c0fe   0x00000002   PAD
    0x0800c100   0x0800c100   0x00000028   Code   RO         6283    i.HAL_Delay         stm32f4xx_hal.o
    0x0800c128   0x0800c128   0x00000138   Code   RO         7040    i.HAL_GPIO_DeInit   stm32f4xx_hal_gpio.o
    0x0800c260   0x0800c260   0x00000020   Code   RO         5633    i.HAL_GPIO_EXTI_Callback  main.o
    0x0800c280   0x0800c280   0x0000001c   Code   RO         7042    i.HAL_GPIO_EXTI_IRQHandler  stm32f4xx_hal_gpio.o
    0x0800c29c   0x0800c29c   0x000001d4   Code   RO         7043    i.HAL_GPIO_Init     stm32f4xx_hal_gpio.o
    0x0800c470   0x0800c470   0x00000010   Code   RO         7045    i.HAL_GPIO_ReadPin  stm32f4xx_hal_gpio.o
    0x0800c480   0x0800c480   0x0000000c   Code   RO         7047    i.HAL_GPIO_WritePin  stm32f4xx_hal_gpio.o
    0x0800c48c   0x0800c48c   0x0000000c   Code   RO         6289    i.HAL_GetTick       stm32f4xx_hal.o
    0x0800c498   0x0800c498   0x0000004c   Code   RO         7568    i.HAL_I2CEx_ConfigAnalogFilter  stm32f4xx_hal_i2c_ex.o
    0x0800c4e4   0x0800c4e4   0x0000003c   Code   RO         7108    i.HAL_I2C_DeInit    stm32f4xx_hal_i2c.o
    0x0800c520   0x0800c520   0x00000008   Code   RO         7116    i.HAL_I2C_GetState  stm32f4xx_hal_i2c.o
    0x0800c528   0x0800c528   0x000001b8   Code   RO         7117    i.HAL_I2C_Init      stm32f4xx_hal_i2c.o
    0x0800c6e0   0x0800c6e0   0x000002f4   Code   RO         7135    i.HAL_I2C_Mem_Read  stm32f4xx_hal_i2c.o
    0x0800c9d4   0x0800c9d4   0x00000164   Code   RO         7138    i.HAL_I2C_Mem_Write  stm32f4xx_hal_i2c.o
    0x0800cb38   0x0800cb38   0x00000030   Code   RO         6234    i.HAL_I2C_MspDeInit  i2c.o
    0x0800cb68   0x0800cb68   0x00000088   Code   RO         6235    i.HAL_I2C_MspInit   i2c.o
    0x0800cbf0   0x0800cbf0   0x00000018   Code   RO         6295    i.HAL_IncTick       stm32f4xx_hal.o
    0x0800cc08   0x0800cc08   0x00000030   Code   RO         6296    i.HAL_Init          stm32f4xx_hal.o
    0x0800cc38   0x0800cc38   0x0000004c   Code   RO         6297    i.HAL_InitTick      stm32f4xx_hal.o
    0x0800cc84   0x0800cc84   0x00000002   Code   RO         6299    i.HAL_MspInit       stm32f4xx_hal.o
    0x0800cc86   0x0800cc86   0x0000001a   Code   RO         6464    i.HAL_NVIC_EnableIRQ  stm32f4xx_hal_cortex.o
    0x0800cca0   0x0800cca0   0x0000007c   Code   RO         6470    i.HAL_NVIC_SetPriority  stm32f4xx_hal_cortex.o
    0x0800cd1c   0x0800cd1c   0x00000028   Code   RO         6471    i.HAL_NVIC_SetPriorityGrouping  stm32f4xx_hal_cortex.o
    0x0800cd44   0x0800cd44   0x0000000c   Code   RO         7605    i.HAL_PWR_EnableBkUpAccess  stm32f4xx_hal_pwr.o
    0x0800cd50   0x0800cd50   0x000001b4   Code   RO         7902    i.HAL_RCCEx_PeriphCLKConfig  stm32f4xx_hal_rcc_ex.o
    0x0800cf04   0x0800cf04   0x00000180   Code   RO         7797    i.HAL_RCC_ClockConfig  stm32f4xx_hal_rcc.o
    0x0800d084   0x0800d084   0x0000000c   Code   RO         7802    i.HAL_RCC_GetHCLKFreq  stm32f4xx_hal_rcc.o
    0x0800d090   0x0800d090   0x00000020   Code   RO         7804    i.HAL_RCC_GetPCLK1Freq  stm32f4xx_hal_rcc.o
    0x0800d0b0   0x0800d0b0   0x00000020   Code   RO         7805    i.HAL_RCC_GetPCLK2Freq  stm32f4xx_hal_rcc.o
    0x0800d0d0   0x0800d0d0   0x000000b0   Code   RO         7806    i.HAL_RCC_GetSysClockFreq  stm32f4xx_hal_rcc.o
    0x0800d180   0x0800d180   0x00000448   Code   RO         7809    i.HAL_RCC_OscConfig  stm32f4xx_hal_rcc.o
    0x0800d5c8   0x0800d5c8   0x000000d8   Code   RO         7960    i.HAL_RTC_Init      stm32f4xx_hal_rtc.o
    0x0800d6a0   0x0800d6a0   0x000000b8   Code   RO         5764    i.HAL_RTC_MspInit   stm32f4xx_hal_msp.o
    0x0800d758   0x0800d758   0x00000104   Code   RO         7966    i.HAL_RTC_SetDate   stm32f4xx_hal_rtc.o
    0x0800d85c   0x0800d85c   0x0000012c   Code   RO         7967    i.HAL_RTC_SetTime   stm32f4xx_hal_rtc.o
    0x0800d988   0x0800d988   0x0000003a   Code   RO         7968    i.HAL_RTC_WaitForSynchro  stm32f4xx_hal_rtc.o
    0x0800d9c2   0x0800d9c2   0x00000034   Code   RO         6475    i.HAL_SYSTICK_Config  stm32f4xx_hal_cortex.o
    0x0800d9f6   0x0800d9f6   0x00000002   Code   RO         9006    i.HAL_TIMEx_BreakCallback  stm32f4xx_hal_tim_ex.o
    0x0800d9f8   0x0800d9f8   0x00000002   Code   RO         9007    i.HAL_TIMEx_CommutCallback  stm32f4xx_hal_tim_ex.o
    0x0800d9fa   0x0800d9fa   0x00000054   Code   RO         9024    i.HAL_TIMEx_MasterConfigSynchronization  stm32f4xx_hal_tim_ex.o
    0x0800da4e   0x0800da4e   0x00000034   Code   RO         8320    i.HAL_TIM_Base_Init  stm32f4xx_hal_tim.o
    0x0800da82   0x0800da82   0x00000002   PAD
    0x0800da84   0x0800da84   0x00000048   Code   RO         5766    i.HAL_TIM_Base_MspInit  stm32f4xx_hal_msp.o
    0x0800dacc   0x0800dacc   0x0000002a   Code   RO         8325    i.HAL_TIM_Base_Start_IT  stm32f4xx_hal_tim.o
    0x0800daf6   0x0800daf6   0x00000108   Code   RO         8329    i.HAL_TIM_ConfigClockSource  stm32f4xx_hal_tim.o
    0x0800dbfe   0x0800dbfe   0x00000002   Code   RO         8349    i.HAL_TIM_IC_CaptureCallback  stm32f4xx_hal_tim.o
    0x0800dc00   0x0800dc00   0x00000196   Code   RO         8363    i.HAL_TIM_IRQHandler  stm32f4xx_hal_tim.o
    0x0800dd96   0x0800dd96   0x00000002   Code   RO         8366    i.HAL_TIM_OC_DelayElapsedCallback  stm32f4xx_hal_tim.o
    0x0800dd98   0x0800dd98   0x00000002   Code   RO         8393    i.HAL_TIM_PWM_PulseFinishedCallback  stm32f4xx_hal_tim.o
    0x0800dd9a   0x0800dd9a   0x00000002   PAD
    0x0800dd9c   0x0800dd9c   0x00000018   Code   RO         5634    i.HAL_TIM_PeriodElapsedCallback  main.o
    0x0800ddb4   0x0800ddb4   0x00000002   Code   RO         8406    i.HAL_TIM_TriggerCallback  stm32f4xx_hal_tim.o
    0x0800ddb6   0x0800ddb6   0x00000002   Code   RO         9278    i.HAL_UART_ErrorCallback  stm32f4xx_hal_uart.o
    0x0800ddb8   0x0800ddb8   0x00000072   Code   RO         9282    i.HAL_UART_Init     stm32f4xx_hal_uart.o
    0x0800de2a   0x0800de2a   0x00000002   Code   RO         9284    i.HAL_UART_MspInit  stm32f4xx_hal_uart.o
    0x0800de2c   0x0800de2c   0x000000c4   Code   RO         9286    i.HAL_UART_Receive_DMA  stm32f4xx_hal_uart.o
    0x0800def0   0x0800def0   0x00000002   Code   RO         9288    i.HAL_UART_RxCpltCallback  stm32f4xx_hal_uart.o
    0x0800def2   0x0800def2   0x00000002   Code   RO         9289    i.HAL_UART_RxHalfCpltCallback  stm32f4xx_hal_uart.o
    0x0800def4   0x0800def4   0x00000130   Code   RO         4725    i.HTS221_0_Probe    iks01a2_env_sensors.o
    0x0800e024   0x0800e024   0x00000032   Code   RO            1    i.HTS221_DeInit     hts221.o
    0x0800e056   0x0800e056   0x00000002   PAD
    0x0800e058   0x0800e058   0x00000030   Code   RO            3    i.HTS221_GetCapabilities  hts221.o
    0x0800e088   0x0800e088   0x00000064   Code   RO            4    i.HTS221_GetOutputDataRate  hts221.o
    0x0800e0ec   0x0800e0ec   0x00000030   Code   RO            7    i.HTS221_HUM_Disable  hts221.o
    0x0800e11c   0x0800e11c   0x00000032   Code   RO            8    i.HTS221_HUM_Enable  hts221.o
    0x0800e14e   0x0800e14e   0x00000002   PAD
    0x0800e150   0x0800e150   0x00000100   Code   RO            9    i.HTS221_HUM_GetHumidity  hts221.o
    0x0800e250   0x0800e250   0x00000010   Code   RO           10    i.HTS221_HUM_GetOutputDataRate  hts221.o
    0x0800e260   0x0800e260   0x0000001c   Code   RO           12    i.HTS221_HUM_SetOutputDataRate  hts221.o
    0x0800e27c   0x0800e27c   0x00000022   Code   RO           13    i.HTS221_Init       hts221.o
    0x0800e29e   0x0800e29e   0x0000003e   Code   RO           14    i.HTS221_Initialize  hts221.o
    0x0800e2dc   0x0800e2dc   0x0000001c   Code   RO           15    i.HTS221_ReadID     hts221.o
    0x0800e2f8   0x0800e2f8   0x0000004c   Code   RO           17    i.HTS221_RegisterBusIO  hts221.o
    0x0800e344   0x0800e344   0x0000004e   Code   RO           18    i.HTS221_SetOutputDataRate  hts221.o
    0x0800e392   0x0800e392   0x00000030   Code   RO           20    i.HTS221_TEMP_Disable  hts221.o
    0x0800e3c2   0x0800e3c2   0x00000032   Code   RO           21    i.HTS221_TEMP_Enable  hts221.o
    0x0800e3f4   0x0800e3f4   0x00000010   Code   RO           22    i.HTS221_TEMP_GetOutputDataRate  hts221.o
    0x0800e404   0x0800e404   0x000000c6   Code   RO           23    i.HTS221_TEMP_GetTemperature  hts221.o
    0x0800e4ca   0x0800e4ca   0x0000001c   Code   RO           25    i.HTS221_TEMP_SetOutputDataRate  hts221.o
    0x0800e4e6   0x0800e4e6   0x00000004   Code   RO         5862    i.HardFault_Handler  stm32f4xx_it.o
    0x0800e4ea   0x0800e4ea   0x00000002   PAD
    0x0800e4ec   0x0800e4ec   0x00000024   Code   RO         6142    i.I2C1_MspDeInit    nucleo_f401re_bus.o
    0x0800e510   0x0800e510   0x00000050   Code   RO         6143    i.I2C1_MspInit      nucleo_f401re_bus.o
    0x0800e560   0x0800e560   0x0000003e   Code   RO         7160    i.I2C_IsAcknowledgeFailed  stm32f4xx_hal_i2c.o
    0x0800e59e   0x0800e59e   0x00000002   PAD
    0x0800e5a0   0x0800e5a0   0x00000138   Code   RO         7170    i.I2C_RequestMemoryRead  stm32f4xx_hal_i2c.o
    0x0800e6d8   0x0800e6d8   0x000000cc   Code   RO         7171    i.I2C_RequestMemoryWrite  stm32f4xx_hal_i2c.o
    0x0800e7a4   0x0800e7a4   0x0000005c   Code   RO         7179    i.I2C_WaitOnBTFFlagUntilTimeout  stm32f4xx_hal_i2c.o
    0x0800e800   0x0800e800   0x00000086   Code   RO         7180    i.I2C_WaitOnFlagUntilTimeout  stm32f4xx_hal_i2c.o
    0x0800e886   0x0800e886   0x000000c4   Code   RO         7181    i.I2C_WaitOnMasterAddressFlagUntilTimeout  stm32f4xx_hal_i2c.o
    0x0800e94a   0x0800e94a   0x00000080   Code   RO         7182    i.I2C_WaitOnRXNEFlagUntilTimeout  stm32f4xx_hal_i2c.o
    0x0800e9ca   0x0800e9ca   0x0000005c   Code   RO         7184    i.I2C_WaitOnTXEFlagUntilTimeout  stm32f4xx_hal_i2c.o
    0x0800ea26   0x0800ea26   0x00000002   PAD
    0x0800ea28   0x0800ea28   0x00000128   Code   RO         4732    i.IKS01A2_ENV_SENSOR_Init  iks01a2_env_sensors.o
    0x0800eb50   0x0800eb50   0x00000104   Code   RO         5635    i.Init_Sensors      main.o
    0x0800ec54   0x0800ec54   0x00000130   Code   RO         4735    i.LPS22HB_0_Probe   iks01a2_env_sensors.o
    0x0800ed84   0x0800ed84   0x00000032   Code   RO          430    i.LPS22HB_DeInit    lps22hb.o
    0x0800edb6   0x0800edb6   0x00000002   PAD
    0x0800edb8   0x0800edb8   0x00000034   Code   RO          441    i.LPS22HB_GetCapabilities  lps22hb.o
    0x0800edec   0x0800edec   0x00000080   Code   RO          442    i.LPS22HB_GetOutputDataRate  lps22hb.o
    0x0800ee6c   0x0800ee6c   0x00000022   Code   RO          446    i.LPS22HB_Init      lps22hb.o
    0x0800ee8e   0x0800ee8e   0x0000007e   Code   RO          447    i.LPS22HB_Initialize  lps22hb.o
    0x0800ef0c   0x0800ef0c   0x00000044   Code   RO          448    i.LPS22HB_PRESS_Disable  lps22hb.o
    0x0800ef50   0x0800ef50   0x0000002e   Code   RO          449    i.LPS22HB_PRESS_Enable  lps22hb.o
    0x0800ef7e   0x0800ef7e   0x00000010   Code   RO          450    i.LPS22HB_PRESS_GetOutputDataRate  lps22hb.o
    0x0800ef8e   0x0800ef8e   0x0000002a   Code   RO          451    i.LPS22HB_PRESS_GetPressure  lps22hb.o
    0x0800efb8   0x0800efb8   0x00000030   Code   RO          453    i.LPS22HB_PRESS_SetOutputDataRate  lps22hb.o
    0x0800efe8   0x0800efe8   0x0000001c   Code   RO          454    i.LPS22HB_ReadID    lps22hb.o
    0x0800f004   0x0800f004   0x00000078   Code   RO          456    i.LPS22HB_RegisterBusIO  lps22hb.o
    0x0800f07c   0x0800f07c   0x00000058   Code   RO          457    i.LPS22HB_SetOutputDataRate_When_Disabled  lps22hb.o
    0x0800f0d4   0x0800f0d4   0x0000008c   Code   RO          458    i.LPS22HB_SetOutputDataRate_When_Enabled  lps22hb.o
    0x0800f160   0x0800f160   0x00000044   Code   RO          460    i.LPS22HB_TEMP_Disable  lps22hb.o
    0x0800f1a4   0x0800f1a4   0x0000002e   Code   RO          461    i.LPS22HB_TEMP_Enable  lps22hb.o
    0x0800f1d2   0x0800f1d2   0x00000010   Code   RO          462    i.LPS22HB_TEMP_GetOutputDataRate  lps22hb.o
    0x0800f1e2   0x0800f1e2   0x0000002c   Code   RO          463    i.LPS22HB_TEMP_GetTemperature  lps22hb.o
    0x0800f20e   0x0800f20e   0x00000030   Code   RO          465    i.LPS22HB_TEMP_SetOutputDataRate  lps22hb.o
    0x0800f23e   0x0800f23e   0x00000020   Code   RO          466    i.LPS22HB_Write_Reg  lps22hb.o
    0x0800f25e   0x0800f25e   0x00000042   Code   RO           27    i.Linear_Interpolation  hts221.o
    0x0800f2a0   0x0800f2a0   0x00000028   Code   RO         5636    i.MX_CRC_Init       main.o
    0x0800f2c8   0x0800f2c8   0x00000012   Code   RO         5637    i.MX_GPIO_Init      main.o
    0x0800f2da   0x0800f2da   0x00000002   PAD
    0x0800f2dc   0x0800f2dc   0x0000003c   Code   RO         6236    i.MX_I2C1_Init      i2c.o
    0x0800f318   0x0800f318   0x00000050   Code   RO         5638    i.MX_TIM_ALGO_Init  main.o
    0x0800f368   0x0800f368   0x000001a8   Code   RO         5639    i.Magneto_Sensor_Handler  main.o
    0x0800f510   0x0800f510   0x00000006   Code   RO         6035    i.MotionFX_LoadMagCalFromNVM  motionfx_manager.o
    0x0800f516   0x0800f516   0x00000006   Code   RO         6036    i.MotionFX_SaveMagCalInNVM  motionfx_manager.o
    0x0800f51c   0x0800f51c   0x00000014   Code   RO         6037    i.MotionFX_manager_MagCal_run  motionfx_manager.o
    0x0800f530   0x0800f530   0x0000000e   Code   RO         6038    i.MotionFX_manager_MagCal_start  motionfx_manager.o
    0x0800f53e   0x0800f53e   0x0000000e   Code   RO         6039    i.MotionFX_manager_MagCal_stop  motionfx_manager.o
    0x0800f54c   0x0800f54c   0x00000010   Code   RO         6040    i.MotionFX_manager_get_version  motionfx_manager.o
    0x0800f55c   0x0800f55c   0x000000f0   Code   RO         6041    i.MotionFX_manager_init  motionfx_manager.o
    0x0800f64c   0x0800f64c   0x00000044   Code   RO         6042    i.MotionFX_manager_run  motionfx_manager.o
    0x0800f690   0x0800f690   0x0000000a   Code   RO         6044    i.MotionFX_manager_start_9X  motionfx_manager.o
    0x0800f69a   0x0800f69a   0x00000002   Code   RO         5863    i.NMI_Handler       stm32f4xx_it.o
    0x0800f69c   0x0800f69c   0x00000010   Code   RO         6477    i.NVIC_GetPriorityGrouping  stm32f4xx_hal_cortex.o
    0x0800f6ac   0x0800f6ac   0x00000028   Code   RO         6478    i.NVIC_SetPriority  stm32f4xx_hal_cortex.o
    0x0800f6d4   0x0800f6d4   0x0000001a   Code   RO         7970    i.RTC_ByteToBcd2    stm32f4xx_hal_rtc.o
    0x0800f6ee   0x0800f6ee   0x00000002   PAD
    0x0800f6f0   0x0800f6f0   0x0000007c   Code   RO         5640    i.RTC_Config        main.o
    0x0800f76c   0x0800f76c   0x0000003e   Code   RO         7971    i.RTC_EnterInitMode  stm32f4xx_hal_rtc.o
    0x0800f7aa   0x0800f7aa   0x00000002   PAD
    0x0800f7ac   0x0800f7ac   0x00000054   Code   RO         5644    i.RTC_TimeStampConfig  main.o
    0x0800f800   0x0800f800   0x00000038   Code   RO           28    i.ReadRegWrap       hts221.o
    0x0800f838   0x0800f838   0x00000058   Code   RO          467    i.ReadRegWrap       lps22hb.o
    0x0800f890   0x0800f890   0x00000008   Code   RO         5864    i.SysTick_Handler   stm32f4xx_it.o
    0x0800f898   0x0800f898   0x000000bc   Code   RO         5821    i.SystemClock_Config  cube_hal_f4.o
    0x0800f954   0x0800f954   0x00000064   Code   RO         5449    i.SystemInit        system_stm32f4xx.o
    0x0800f9b8   0x0800f9b8   0x00000010   Code   RO         5865    i.TIM3_IRQHandler   stm32f4xx_it.o
    0x0800f9c8   0x0800f9c8   0x000000a4   Code   RO         8408    i.TIM_Base_SetConfig  stm32f4xx_hal_tim.o
    0x0800fa6c   0x0800fa6c   0x00000016   Code   RO         8419    i.TIM_ETR_SetConfig  stm32f4xx_hal_tim.o
    0x0800fa82   0x0800fa82   0x00000012   Code   RO         8420    i.TIM_ITRx_SetConfig  stm32f4xx_hal_tim.o
    0x0800fa94   0x0800fa94   0x00000026   Code   RO         8426    i.TIM_TI1_ConfigInputStage  stm32f4xx_hal_tim.o
    0x0800faba   0x0800faba   0x00000028   Code   RO         8428    i.TIM_TI2_ConfigInputStage  stm32f4xx_hal_tim.o
    0x0800fae2   0x0800fae2   0x00000050   Code   RO         9296    i.UART_DMAError     stm32f4xx_hal_uart.o
    0x0800fb32   0x0800fb32   0x00000046   Code   RO         9297    i.UART_DMAReceiveCplt  stm32f4xx_hal_uart.o
    0x0800fb78   0x0800fb78   0x0000000e   Code   RO         9299    i.UART_DMARxHalfCplt  stm32f4xx_hal_uart.o
    0x0800fb86   0x0800fb86   0x00000020   Code   RO         9305    i.UART_EndRxTransfer  stm32f4xx_hal_uart.o
    0x0800fba6   0x0800fba6   0x00000014   Code   RO         9307    i.UART_EndTxTransfer  stm32f4xx_hal_uart.o
    0x0800fbba   0x0800fbba   0x00000002   PAD
    0x0800fbbc   0x0800fbbc   0x00000368   Code   RO         9309    i.UART_SetConfig    stm32f4xx_hal_uart.o
    0x0800ff24   0x0800ff24   0x00000114   Code   RO         5582    i.USARTConfig       com.o
    0x08010038   0x08010038   0x00000028   Code   RO         5583    i.USART_DMA_Configuration  com.o
    0x08010060   0x08010060   0x00000038   Code   RO           29    i.WriteRegWrap      hts221.o
    0x08010098   0x08010098   0x00000058   Code   RO          468    i.WriteRegWrap      lps22hb.o
    0x080100f0   0x080100f0   0x00000030   Code   RO        10423    i.__ARM_fpclassify  m_wm.l(fpclassify.o)
    0x08010120   0x08010120   0x00000026   Code   RO        10425    i.__ARM_fpclassifyf  m_wm.l(fpclassifyf.o)
    0x08010146   0x08010146   0x00000002   PAD
    0x08010148   0x08010148   0x00000118   Code   RO        10250    i.__hardfp_acosf    m_wm.l(acosf.o)
    0x08010260   0x08010260   0x00000360   Code   RO        10262    i.__hardfp_asin     m_wm.l(asin.o)
    0x080105c0   0x080105c0   0x000002d8   Code   RO        10389    i.__hardfp_atan     m_wm.l(atan.o)
    0x08010898   0x08010898   0x000001f0   Code   RO        10276    i.__hardfp_atan2    m_wm.l(atan2.o)
    0x08010a88   0x08010a88   0x00000150   Code   RO        10288    i.__hardfp_cosf     m_wm.l(cosf.o)
    0x08010bd8   0x08010bd8   0x00000118   Code   RO        10300    i.__hardfp_floor    m_wm.l(floor.o)
    0x08010cf0   0x08010cf0   0x0000009a   Code   RO        10342    i.__hardfp_roundf   m_wm.l(roundf.o)
    0x08010d8a   0x08010d8a   0x00000002   PAD
    0x08010d8c   0x08010d8c   0x00000190   Code   RO        10306    i.__hardfp_sinf     m_wm.l(sinf.o)
    0x08010f1c   0x08010f1c   0x0000017c   Code   RO        10330    i.__hardfp_tanf     m_wm.l(tanf.o)
    0x08011098   0x08011098   0x000000f8   Code   RO        10441    i.__kernel_poly     m_wm.l(poly.o)
    0x08011190   0x08011190   0x00000014   Code   RO        10404    i.__mathlib_dbl_infnan  m_wm.l(dunder.o)
    0x080111a4   0x080111a4   0x00000014   Code   RO        10405    i.__mathlib_dbl_infnan2  m_wm.l(dunder.o)
    0x080111b8   0x080111b8   0x00000020   Code   RO        10406    i.__mathlib_dbl_invalid  m_wm.l(dunder.o)
    0x080111d8   0x080111d8   0x00000020   Code   RO        10409    i.__mathlib_dbl_underflow  m_wm.l(dunder.o)
    0x080111f8   0x080111f8   0x00000006   Code   RO        10428    i.__mathlib_flt_infnan  m_wm.l(funder.o)
    0x080111fe   0x080111fe   0x00000002   PAD
    0x08011200   0x08011200   0x00000010   Code   RO        10430    i.__mathlib_flt_invalid  m_wm.l(funder.o)
    0x08011210   0x08011210   0x00000010   Code   RO        10433    i.__mathlib_flt_underflow  m_wm.l(funder.o)
    0x08011220   0x08011220   0x00000154   Code   RO        10444    i.__mathlib_rredf2  m_wm.l(rredf.o)
    0x08011374   0x08011374   0x0000000e   Code   RO        10505    i.__scatterload_copy  mc_w.l(handlers.o)
    0x08011382   0x08011382   0x00000002   Code   RO        10506    i.__scatterload_null  mc_w.l(handlers.o)
    0x08011384   0x08011384   0x0000000e   Code   RO        10507    i.__scatterload_zeroinit  mc_w.l(handlers.o)
    0x08011392   0x08011392   0x00000002   PAD
    0x08011394   0x08011394   0x0000000c   Code   RO        10481    i.__set_errno       mc_w.l(errno.o)
    0x080113a0   0x080113a0   0x00000010   Code   RO        10252    i.acosf             m_wm.l(acosf.o)
    0x080113b0   0x080113b0   0x00000010   Code   RO        10264    i.asin              m_wm.l(asin.o)
    0x080113c0   0x080113c0   0x00000010   Code   RO        10391    i.atan              m_wm.l(atan.o)
    0x080113d0   0x080113d0   0x00000014   Code   RO        10278    i.atan2             m_wm.l(atan2.o)
    0x080113e4   0x080113e4   0x00000010   Code   RO        10290    i.cosf              m_wm.l(cosf.o)
    0x080113f4   0x080113f4   0x00000018   Code   RO        10419    i.fabs              m_wm.l(fabs.o)
    0x0801140c   0x0801140c   0x00000010   Code   RO        10302    i.floor             m_wm.l(floor.o)
    0x0801141c   0x0801141c   0x00000032   Code   RO          197    i.hts221_block_data_update_set  hts221_reg.o
    0x0801144e   0x0801144e   0x00000050   Code   RO          200    i.hts221_data_rate_get  hts221_reg.o
    0x0801149e   0x0801149e   0x00000032   Code   RO          201    i.hts221_data_rate_set  hts221_reg.o
    0x080114d0   0x080114d0   0x00000018   Code   RO          202    i.hts221_device_id_get  hts221_reg.o
    0x080114e8   0x080114e8   0x00000018   Code   RO          207    i.hts221_hum_adc_point_0_get  hts221_reg.o
    0x08011500   0x08011500   0x00000018   Code   RO          208    i.hts221_hum_adc_point_1_get  hts221_reg.o
    0x08011518   0x08011518   0x0000001e   Code   RO          210    i.hts221_hum_rh_point_0_get  hts221_reg.o
    0x08011536   0x08011536   0x0000001e   Code   RO          211    i.hts221_hum_rh_point_1_get  hts221_reg.o
    0x08011554   0x08011554   0x00000018   Code   RO          214    i.hts221_humidity_raw_get  hts221_reg.o
    0x0801156c   0x0801156c   0x00000032   Code   RO          222    i.hts221_power_on_set  hts221_reg.o
    0x0801159e   0x0801159e   0x00000020   Code   RO          223    i.hts221_read_reg   hts221_reg.o
    0x080115be   0x080115be   0x00000018   Code   RO          225    i.hts221_temp_adc_point_0_get  hts221_reg.o
    0x080115d6   0x080115d6   0x00000018   Code   RO          226    i.hts221_temp_adc_point_1_get  hts221_reg.o
    0x080115ee   0x080115ee   0x00000040   Code   RO          228    i.hts221_temp_deg_point_0_get  hts221_reg.o
    0x0801162e   0x0801162e   0x00000040   Code   RO          229    i.hts221_temp_deg_point_1_get  hts221_reg.o
    0x0801166e   0x0801166e   0x00000018   Code   RO          232    i.hts221_temperature_raw_get  hts221_reg.o
    0x08011686   0x08011686   0x00000022   Code   RO          233    i.hts221_write_reg  hts221_reg.o
    0x080116a8   0x080116a8   0x00000032   Code   RO          674    i.lps22hb_auto_add_inc_set  lps22hb_reg.o
    0x080116da   0x080116da   0x00000032   Code   RO          680    i.lps22hb_block_data_update_set  lps22hb_reg.o
    0x0801170c   0x0801170c   0x0000005a   Code   RO          684    i.lps22hb_data_rate_get  lps22hb_reg.o
    0x08011766   0x08011766   0x00000032   Code   RO          685    i.lps22hb_data_rate_set  lps22hb_reg.o
    0x08011798   0x08011798   0x00000018   Code   RO          687    i.lps22hb_device_id_get  lps22hb_reg.o
    0x080117b0   0x080117b0   0x00000018   Code   RO          705    i.lps22hb_from_lsb_to_degc  lps22hb_reg.o
    0x080117c8   0x080117c8   0x00000018   Code   RO          706    i.lps22hb_from_lsb_to_hpa  lps22hb_reg.o
    0x080117e0   0x080117e0   0x00000032   Code   RO          724    i.lps22hb_low_pass_filter_mode_set  lps22hb_reg.o
    0x08011812   0x08011812   0x00000032   Code   RO          727    i.lps22hb_low_power_set  lps22hb_reg.o
    0x08011844   0x08011844   0x00000018   Code   RO          736    i.lps22hb_pressure_raw_get  lps22hb_reg.o
    0x0801185c   0x0801185c   0x00000020   Code   RO          743    i.lps22hb_read_reg  lps22hb_reg.o
    0x0801187c   0x0801187c   0x00000018   Code   RO          754    i.lps22hb_temperature_raw_get  lps22hb_reg.o
    0x08011894   0x08011894   0x00000022   Code   RO          755    i.lps22hb_write_reg  lps22hb_reg.o
    0x080118b6   0x080118b6   0x00000002   PAD
    0x080118b8   0x080118b8   0x00000130   Code   RO         5645    i.main              main.o
    0x080119e8   0x080119e8   0x00000010   Code   RO        10343    i.roundf            m_wm.l(roundf.o)
    0x080119f8   0x080119f8   0x00000010   Code   RO        10308    i.sinf              m_wm.l(sinf.o)
    0x08011a08   0x08011a08   0x0000006e   Code   RO        10320    i.sqrt              m_wm.l(sqrt.o)
    0x08011a76   0x08011a76   0x0000003e   Code   RO        10449    i.sqrtf             m_wm.l(sqrtf.o)
    0x08011ab4   0x08011ab4   0x00000010   Code   RO        10332    i.tanf              m_wm.l(tanf.o)
    0x08011ac4   0x08011ac4   0x00000005   Data   RO         4448    .constdata          stm32f4xx_nucleo.o
    0x08011ac9   0x08011ac9   0x00000018   Data   RO         5450    .constdata          system_stm32f4xx.o
    0x08011ae1   0x08011ae1   0x00000008   Data   RO         6674    .constdata          stm32f4xx_hal_dma.o
    0x08011ae9   0x08011ae9   0x00000007   PAD
    0x08011af0   0x08011af0   0x00000050   Data   RO        10265    .constdata          m_wm.l(asin.o)
    0x08011b40   0x08011b40   0x00000098   Data   RO        10392    .constdata          m_wm.l(atan.o)
    0x08011bd8   0x08011bd8   0x00000008   Data   RO        10443    .constdata          m_wm.l(qnan.o)
    0x08011be0   0x08011be0   0x00000020   Data   RO        10445    .constdata          m_wm.l(rredf.o)
    0x08011c00   0x08011c00   0x000001bb   Data   RO        10249    .rodata             MotionFX_CM4F_wc16_ot.a(motion_fx.o)
    0x08011dbb   0x08011dbb   0x00000001   PAD
    0x08011dbc   0x08011dbc   0x00000020   Data   RO        10503    Region$$Table       anon$$obj.o


    Execution Region RW_IRAM1 (Exec base: 0x20000000, Load base: 0x08011ddc, Size: 0x0000a750, Max: 0x00018000, ABSOLUTE, COMPRESSED[0x0000011c])

    Exec Addr    Load Addr    Size         Type   Attr      Idx    E Section Name        Object

    0x20000000   COMPRESSED   0x00000038   Data   RW           30    .data               hts221.o
    0x20000038   COMPRESSED   0x00000038   Data   RW          469    .data               lps22hb.o
    0x20000070   COMPRESSED   0x0000000c   Data   RW         4449    .data               stm32f4xx_nucleo.o
    0x2000007c   COMPRESSED   0x0000002c   Data   RW         4737    .data               iks01a2_env_sensors.o
    0x200000a8   COMPRESSED   0x00000004   Data   RW         5451    .data               system_stm32f4xx.o
    0x200000ac   COMPRESSED   0x00000029   Data   RW         5496    .data               demoserial.o
    0x200000d5   COMPRESSED   0x00000003   PAD
    0x200000d8   COMPRESSED   0x0000000c   Data   RW         5585    .data               com.o
    0x200000e4   COMPRESSED   0x00000015   Data   RW         5647    .data               main.o
    0x200000f9   COMPRESSED   0x00000003   PAD
    0x200000fc   COMPRESSED   0x00000004   Data   RW         5767    .data               stm32f4xx_hal_msp.o
    0x20000100   COMPRESSED   0x0000000c   Data   RW         6048    .data               motionfx_manager.o
    0x2000010c   COMPRESSED   0x00000009   Data   RW         6303    .data               stm32f4xx_hal.o
    0x20000115   COMPRESSED   0x00000003   PAD
    0x20000118   COMPRESSED   0x000011c0   Data   RW        10203    .data               MotionFX_CM4F_wc16_ot.a(motion_fx.o)
    0x200012d8   COMPRESSED   0x00000004   Data   RW        10482    .data               mc_w.l(errno.o)
    0x200012dc        -       0x00000070   Zero   RW         4736    .bss                iks01a2_env_sensors.o
    0x2000134c        -       0x000004a0   Zero   RW         5584    .bss                com.o
    0x200017ec        -       0x00000090   Zero   RW         5646    .bss                main.o
    0x2000187c        -       0x0000003c   Zero   RW         6047    .bss                motionfx_manager.o
    0x200018b8        -       0x00000054   Zero   RW         6145    .bss                nucleo_f401re_bus.o
    0x2000190c        -       0x00000054   Zero   RW         6237    .bss                i2c.o
    0x20001960        -       0x00000de9   Zero   RW        10204    .bss                MotionFX_CM4F_wc16_ot.a(motion_fx.o)
    0x20002749   COMPRESSED   0x00000007   PAD
    0x20002750        -       0x00008000   Zero   RW         5482    STACK               startup_stm32f401xe.o


==============================================================================

Image component sizes


      Code (inc. data)   RO Data    RW Data    ZI Data      Debug   Object Name

       316         32          0         12       1184       3043   com.o
       244         16          0          0          0       1750   cube_hal_f4.o
         0          0          0         41          0       3376   demoserial.o
      1392         26          0         56          0      31957   hts221.o
       652          0          0          0          0      14116   hts221_reg.o
       244         36          0          0         84       2477   i2c.o
       904        134          0         44        112      13356   iks01a2_env_sensors.o
         0          0          0          0          0       2432   iks01a2_motion_sensors.o
      1416         48          0         56          0      25456   lps22hb.o
       526         18          0          0          0      10867   lps22hb_reg.o
      2186        170          0         21        144      10722   main.o
       394         28          0         12         60       7143   motionfx_manager.o
       336         42          0          0         84       5438   nucleo_f401re_bus.o
        36          8        404          0      32768        864   startup_stm32f401xe.o
       202         34          0          9          0       5795   stm32f4xx_hal.o
       298         22          0          0          0      31603   stm32f4xx_hal_cortex.o
       660         10          8          0          0       4994   stm32f4xx_hal_dma.o
       836         66          0          0          0       5016   stm32f4xx_hal_gpio.o
      2840         46          0          0          0      14190   stm32f4xx_hal_i2c.o
        76          0          0          0          0       1295   stm32f4xx_hal_i2c_ex.o
       256         22          0          4          0       2158   stm32f4xx_hal_msp.o
        12          4          0          0          0        635   stm32f4xx_hal_pwr.o
      1732         84          0          0          0       6188   stm32f4xx_hal_rcc.o
       436         24          0          0          0       1612   stm32f4xx_hal_rcc_ex.o
       922         14          0          0          0       5797   stm32f4xx_hal_rtc.o
      1054         30          0          0          0      10779   stm32f4xx_hal_tim.o
        88          0          0          0          0       2821   stm32f4xx_hal_tim_ex.o
      1406         22          0          0          0       9179   stm32f4xx_hal_uart.o
        44          6          0          0          0       3184   stm32f4xx_it.o
       352         58          5         12          0     461722   stm32f4xx_nucleo.o
       100         18         24          4          0       1667   system_stm32f4xx.o

    ----------------------------------------------------------------------
     19988       1018        480        280      34436     701632   Object Totals
         0          0         32          0          0          0   (incl. Generated)
        28          0          7          9          0          0   (incl. Padding)

    ----------------------------------------------------------------------

      Code (inc. data)   RO Data    RW Data    ZI Data      Debug   Library Member Name

     44612       1574        443       4544       3561          0   motion_fx.o
       296         46          0          0          0        300   acosf.o
       880         94         80          0          0        404   asin.o
       744        106        152          0          0        352   atan.o
       516         64          0          0          0        316   atan2.o
       352         56          0          0          0        260   cosf.o
       104         16          0          0          0        496   dunder.o
        24          0          0          0          0        124   fabs.o
       296         28          0          0          0        280   floor.o
        48          0          0          0          0        124   fpclassify.o
        38          0          0          0          0        116   fpclassifyf.o
        38         12          0          0          0        348   funder.o
       248          0          0          0          0        152   poly.o
         0          0          8          0          0          0   qnan.o
       170          0          0          0          0        264   roundf.o
       340         24         32          0          0        160   rredf.o
       416         56          0          0          0        336   sinf.o
       110          0          0          0          0        148   sqrt.o
        62          0          0          0          0        136   sqrtf.o
       396         58          0          0          0        324   tanf.o
        86          0          0          0          0          0   __dczerorl2.o
         0          0          0          0          0          0   entry.o
         0          0          0          0          0          0   entry10a.o
         0          0          0          0          0          0   entry11a.o
         8          4          0          0          0          0   entry2.o
         4          0          0          0          0          0   entry5.o
         0          0          0          0          0          0   entry7b.o
         0          0          0          0          0          0   entry8b.o
         8          4          0          0          0          0   entry9a.o
        12          6          0          4          0         68   errno.o
        30          0          0          0          0          0   handlers.o
        36          8          0          0          0         68   init.o
         0          0          0          0          0          0   iusefp.o
        30          0          0          0          0         68   llshl.o
        36          0          0          0          0         68   llsshr.o
        32          0          0          0          0         68   llushr.o
        40          0          0          0          0         76   memcpy.o
        36          0          0          0          0        108   memseta.o
        18          0          0          0          0         68   strcpy.o
        98          0          0          0          0         92   uldiv.o
        48          0          0          0          0         68   cdrcmple.o
        56          0          0          0          0         88   d2f.o
       334          0          0          0          0        148   dadd.o
        56          0          0          0          0         80   dcmpeq.o
        54          0          0          0          0         80   dcmpge.o
        54          0          0          0          0         80   dcmpgt.o
        54          0          0          0          0         80   dcmple.o
        54          0          0          0          0         80   dcmplt.o
       222          0          0          0          0        100   ddiv.o
       186          0          0          0          0        176   depilogue.o
        62          0          0          0          0         80   dfixi.o
        26          0          0          0          0         76   dfltui.o
       228          0          0          0          0         96   dmul.o
       162          0          0          0          0        100   dsqrt.o
        38          0          0          0          0         68   f2d.o
       110          0          0          0          0        168   fepilogue.o
        60          0          0          0          0         76   frnd.o

    ----------------------------------------------------------------------
     51996       2172        716       4548       3568       6968   Library Totals
        28         16          1          0          7          0   (incl. Padding)

    ----------------------------------------------------------------------

      Code (inc. data)   RO Data    RW Data    ZI Data      Debug   Library Name

     44612       1574        443       4544       3561          0   MotionFX_CM4F_wc16_ot.a
      5078        560        272          0          0       4640   m_wm.l
       474         22          0          4          0        684   mc_w.l
      1804          0          0          0          0       1644   mf_w.l

    ----------------------------------------------------------------------
     51996       2172        716       4548       3568       6968   Library Totals

    ----------------------------------------------------------------------

==============================================================================


      Code (inc. data)   RO Data    RW Data    ZI Data      Debug   

     71984       3190       1196       4828      38004     684788   Grand Totals
     71984       3190       1196        284      38004     684788   ELF Image Totals (compressed)
     71984       3190       1196        284          0          0   ROM Totals

==============================================================================

    Total RO  Size (Code + RO Data)                73180 (  71.46kB)
    Total RW  Size (RW Data + ZI Data)             42832 (  41.83kB)
    Total ROM Size (Code + RO Data + RW Data)      73464 (  71.74kB)

==============================================================================

